Archive member included to satisfy reference by file (symbol)

/usr/lib/gcc/arm-none-eabi/10.3.1/../../../arm-none-eabi/lib/thumb/v8-m.main+dp/hard/libc_nano.a(lib_a-atexit.o)
                              /usr/lib/gcc/arm-none-eabi/10.3.1/../../../arm-none-eabi/lib/thumb/v8-m.main+dp/hard/crt0.o (atexit)
/usr/lib/gcc/arm-none-eabi/10.3.1/../../../arm-none-eabi/lib/thumb/v8-m.main+dp/hard/libc_nano.a(lib_a-exit.o)
                              /usr/lib/gcc/arm-none-eabi/10.3.1/../../../arm-none-eabi/lib/thumb/v8-m.main+dp/hard/crt0.o (exit)
/usr/lib/gcc/arm-none-eabi/10.3.1/../../../arm-none-eabi/lib/thumb/v8-m.main+dp/hard/libc_nano.a(lib_a-fini.o)
                              /usr/lib/gcc/arm-none-eabi/10.3.1/../../../arm-none-eabi/lib/thumb/v8-m.main+dp/hard/crt0.o (__libc_fini_array)
/usr/lib/gcc/arm-none-eabi/10.3.1/../../../arm-none-eabi/lib/thumb/v8-m.main+dp/hard/libc_nano.a(lib_a-impure.o)
                              /usr/lib/gcc/arm-none-eabi/10.3.1/../../../arm-none-eabi/lib/thumb/v8-m.main+dp/hard/libc_nano.a(lib_a-exit.o) (_global_impure_ptr)
/usr/lib/gcc/arm-none-eabi/10.3.1/../../../arm-none-eabi/lib/thumb/v8-m.main+dp/hard/libc_nano.a(lib_a-init.o)
                              /usr/lib/gcc/arm-none-eabi/10.3.1/../../../arm-none-eabi/lib/thumb/v8-m.main+dp/hard/crt0.o (__libc_init_array)
/usr/lib/gcc/arm-none-eabi/10.3.1/../../../arm-none-eabi/lib/thumb/v8-m.main+dp/hard/libc_nano.a(lib_a-memcpy.o)
                              build/queue.o (memcpy)
/usr/lib/gcc/arm-none-eabi/10.3.1/../../../arm-none-eabi/lib/thumb/v8-m.main+dp/hard/libc_nano.a(lib_a-memmove.o)
                              build/stm32n6xx_hal_dma_ex.o (memmove)
/usr/lib/gcc/arm-none-eabi/10.3.1/../../../arm-none-eabi/lib/thumb/v8-m.main+dp/hard/libc_nano.a(lib_a-memset.o)
                              /usr/lib/gcc/arm-none-eabi/10.3.1/../../../arm-none-eabi/lib/thumb/v8-m.main+dp/hard/crt0.o (memset)
/usr/lib/gcc/arm-none-eabi/10.3.1/../../../arm-none-eabi/lib/thumb/v8-m.main+dp/hard/libc_nano.a(lib_a-snprintf.o)
                              build/app_freertos.o (snprintf)
/usr/lib/gcc/arm-none-eabi/10.3.1/../../../arm-none-eabi/lib/thumb/v8-m.main+dp/hard/libc_nano.a(lib_a-strlen-stub.o)
                              build/gpio_uart.o (strlen)
/usr/lib/gcc/arm-none-eabi/10.3.1/../../../arm-none-eabi/lib/thumb/v8-m.main+dp/hard/libc_nano.a(lib_a-vsnprintf.o)
                              build/gpio_uart.o (vsnprintf)
/usr/lib/gcc/arm-none-eabi/10.3.1/../../../arm-none-eabi/lib/thumb/v8-m.main+dp/hard/libc_nano.a(lib_a-__atexit.o)
                              /usr/lib/gcc/arm-none-eabi/10.3.1/../../../arm-none-eabi/lib/thumb/v8-m.main+dp/hard/libc_nano.a(lib_a-atexit.o) (__register_exitproc)
/usr/lib/gcc/arm-none-eabi/10.3.1/../../../arm-none-eabi/lib/thumb/v8-m.main+dp/hard/libc_nano.a(lib_a-__call_atexit.o)
                              /usr/lib/gcc/arm-none-eabi/10.3.1/../../../arm-none-eabi/lib/thumb/v8-m.main+dp/hard/libc_nano.a(lib_a-__atexit.o) (__call_exitprocs)
/usr/lib/gcc/arm-none-eabi/10.3.1/../../../arm-none-eabi/lib/thumb/v8-m.main+dp/hard/libc_nano.a(lib_a-nano-svfprintf.o)
                              /usr/lib/gcc/arm-none-eabi/10.3.1/../../../arm-none-eabi/lib/thumb/v8-m.main+dp/hard/libc_nano.a(lib_a-snprintf.o) (_svfprintf_r)
/usr/lib/gcc/arm-none-eabi/10.3.1/../../../arm-none-eabi/lib/thumb/v8-m.main+dp/hard/libc_nano.a(lib_a-nano-vfprintf_i.o)
                              /usr/lib/gcc/arm-none-eabi/10.3.1/../../../arm-none-eabi/lib/thumb/v8-m.main+dp/hard/libc_nano.a(lib_a-nano-svfprintf.o) (_printf_i)
/usr/lib/gcc/arm-none-eabi/10.3.1/../../../arm-none-eabi/lib/thumb/v8-m.main+dp/hard/libc_nano.a(lib_a-memchr-stub.o)
                              /usr/lib/gcc/arm-none-eabi/10.3.1/../../../arm-none-eabi/lib/thumb/v8-m.main+dp/hard/libc_nano.a(lib_a-nano-svfprintf.o) (memchr)
/usr/lib/gcc/arm-none-eabi/10.3.1/../../../arm-none-eabi/lib/thumb/v8-m.main+dp/hard/libc_nano.a(lib_a-nano-freer.o)
                              /usr/lib/gcc/arm-none-eabi/10.3.1/../../../arm-none-eabi/lib/thumb/v8-m.main+dp/hard/libc_nano.a(lib_a-nano-svfprintf.o) (_free_r)
/usr/lib/gcc/arm-none-eabi/10.3.1/../../../arm-none-eabi/lib/thumb/v8-m.main+dp/hard/libc_nano.a(lib_a-nano-mallocr.o)
                              /usr/lib/gcc/arm-none-eabi/10.3.1/../../../arm-none-eabi/lib/thumb/v8-m.main+dp/hard/libc_nano.a(lib_a-nano-svfprintf.o) (_malloc_r)
/usr/lib/gcc/arm-none-eabi/10.3.1/../../../arm-none-eabi/lib/thumb/v8-m.main+dp/hard/libc_nano.a(lib_a-nano-reallocr.o)
                              /usr/lib/gcc/arm-none-eabi/10.3.1/../../../arm-none-eabi/lib/thumb/v8-m.main+dp/hard/libc_nano.a(lib_a-nano-svfprintf.o) (_realloc_r)
/usr/lib/gcc/arm-none-eabi/10.3.1/../../../arm-none-eabi/lib/thumb/v8-m.main+dp/hard/libc_nano.a(lib_a-sbrkr.o)
                              /usr/lib/gcc/arm-none-eabi/10.3.1/../../../arm-none-eabi/lib/thumb/v8-m.main+dp/hard/libc_nano.a(lib_a-nano-mallocr.o) (_sbrk_r)
[...]
Memory Configuration

Name             Origin             Length             Attributes
RAM              0x0000000024100000 0x0000000000100000 xrw
ROM              0x0000000070180400 0x000000000007fc00 xr
*default*        0x0000000000000000 0xffffffffffffffff

Linker script and memory map

LOAD /usr/lib/gcc/arm-none-eabi/10.3.1/thumb/v8-m.main+dp/hard/crti.o
LOAD /usr/lib/gcc/arm-none-eabi/10.3.1/thumb/v8-m.main+dp/hard/crtbegin.o
LOAD /usr/lib/gcc/arm-none-eabi/10.3.1/../../../arm-none-eabi/lib/thumb/v8-m.main+dp/hard/crt0.o
LOAD build/stm32n6xx_hal.o
LOAD build/stm32n6xx_hal_cortex.o
LOAD build/stm32n6xx_hal_dma.o
LOAD build/stm32n6xx_hal_dma_ex.o
LOAD build/stm32n6xx_hal_exti.o
LOAD build/stm32n6xx_hal_sdram.o
LOAD build/stm32n6xx_hal_gpio.o
LOAD build/stm32n6xx_hal_i2c.o
LOAD build/stm32n6xx_hal_i2c_ex.o
LOAD build/stm32n6xx_hal_pwr.o
LOAD build/stm32n6xx_hal_pwr_ex.o
LOAD build/stm32n6xx_hal_rcc.o
LOAD build/stm32n6xx_hal_rcc_ex.o
LOAD build/stm32n6xx_hal_sd.o
LOAD build/stm32n6xx_hal_sd_ex.o
LOAD build/stm32n6xx_hal_spi.o
LOAD build/stm32n6xx_hal_spi_ex.o
LOAD build/stm32n6xx_hal_uart.o
LOAD build/stm32n6xx_hal_uart_ex.o
LOAD build/stm32n6xx_hal_usart.o
LOAD build/stm32n6xx_hal_usart_ex.o
LOAD build/stm32n6xx_hal_xspi.o
LOAD build/stm32n6xx_ll_fmc.o
LOAD build/stm32n6xx_ll_sdmmc.o
LOAD build/stm32n6xx_ll_dma.o
LOAD build/stm32n6xx_ll_gpio.o
LOAD build/stm32n6xx_ll_rcc.o
LOAD build/stm32n6xx_ll_utils.o
LOAD build/main.o
LOAD build/system_stm32n6xx_ns.o
LOAD build/gpio_uart.o
LOAD build/tasks.o
LOAD build/queue.o
LOAD build/timers.o
LOAD build/list.o
LOAD build/event_groups.o
LOAD build/stream_buffer.o
LOAD build/heap_4.o
LOAD build/port.o
LOAD build/portasm.o
LOAD build/app_control.o
LOAD build/app_freertos.o
LOAD build/app_fusion.o
LOAD build/app_npu.o
LOAD build/bsp_bmp585.o
LOAD build/bsp_sdmmc2.o
LOAD build/startup_stm32n657xx_ns.o
LOAD /usr/lib/gcc/arm-none-eabi/10.3.1/../../../arm-none-eabi/lib/thumb/v8-m.main+dp/hard/libc_nano.a
LOAD /usr/lib/gcc/arm-none-eabi/10.3.1/../../../arm-none-eabi/lib/thumb/v8-m.main+dp/hard/libm.a
LOAD /usr/lib/gcc/arm-none-eabi/10.3.1/../../../arm-none-eabi/lib/thumb/v8-m.main+dp/hard/libnosys.a
START GROUP
LOAD /usr/lib/gcc/arm-none-eabi/10.3.1/thumb/v8-m.main+dp/hard/libgcc.a
LOAD /usr/lib/gcc/arm-none-eabi/10.3.1/../../../arm-none-eabi/lib/thumb/v8-m.main+dp/hard/libc_nano.a
END GROUP
START GROUP
LOAD /usr/lib/gcc/arm-none-eabi/10.3.1/thumb/v8-m.main+dp/hard/libgcc.a
LOAD /usr/lib/gcc/arm-none-eabi/10.3.1/../../../arm-none-eabi/lib/thumb/v8-m.main+dp/hard/libc_nano.a
END GROUP
LOAD /usr/lib/gcc/arm-none-eabi/10.3.1/thumb/v8-m.main+dp/hard/crtend.o
LOAD /usr/lib/gcc/arm-none-eabi/10.3.1/thumb/v8-m.main+dp/hard/crtn.o
                0x0000000024200000                _estack = (ORIGIN (RAM) + LENGTH (RAM))
                0x00000000241fc000                _sstack = (_estack - _Min_Stack_Size)
                0x0000000000000200                _Min_Heap_Size = 0x200
                0x0000000000004000                _Min_Stack_Size = 0x4000

.isr_vector     0x0000000070180400      0x34c
                0x0000000070180400                . = ALIGN (0x4)
 *(.isr_vector)
 .isr_vector    0x0000000070180400      0x34c build/startup_stm32n657xx_ns.o
                0x0000000070180400                g_pfnVectors
                0x000000007018074c                . = ALIGN (0x4)

.text           0x0000000070180750      0xa04
                0x0000000070180750                . = ALIGN (0x4)
 *(.text)
 .text          0x0000000070180750       0x8c /usr/lib/gcc/arm-none-eabi/10.3.1/thumb/v8-m.main+dp/hard/crtbegin.o
 .text          0x00000000701807dc       0x48 /usr/lib/gcc/arm-none-eabi/10.3.1/../../../arm-none-eabi/lib/thumb/v8-m.main+dp/hard/libc_nano.a(lib_a-init.o)
                0x00000000701807dc                __libc_init_array
 *(.text*)
 .text.HAL_MspInit
                0x0000000070180824        0x4 build/stm32n6xx_hal.o
                0x0000000070180824                HAL_MspInit
 .text.HAL_InitTick
                0x0000000070180828       0x4c build/stm32n6xx_hal.o
                0x0000000070180828                HAL_InitTick
 .text.HAL_Init
                0x0000000070180874       0x24 build/stm32n6xx_hal.o
                0x0000000070180874                HAL_Init
 .text.HAL_GetTick
                0x0000000070180898        0xc build/stm32n6xx_hal.o
                0x0000000070180898                HAL_GetTick
 .text.HAL_Delay
                0x00000000701808a4       0x24 build/stm32n6xx_hal.o
                0x00000000701808a4                HAL_Delay
 .text.HAL_NVIC_SetPriorityGrouping
                0x00000000701808c8       0x24 build/stm32n6xx_hal_cortex.o
                0x00000000701808c8                HAL_NVIC_SetPriorityGrouping
 .text.HAL_NVIC_SetPriority
                0x00000000701808ec       0x7c build/stm32n6xx_hal_cortex.o
                0x00000000701808ec                HAL_NVIC_SetPriority
 .text.HAL_SYSTICK_Config
                0x0000000070180968       0x34 build/stm32n6xx_hal_cortex.o
                0x0000000070180968                HAL_SYSTICK_Config
 .text.HAL_GPIO_Init
                0x000000007018099c      0x2b8 build/stm32n6xx_hal_gpio.o
                0x000000007018099c                HAL_GPIO_Init
 .text.HAL_GPIO_TogglePin
                0x0000000070180c54       0x14 build/stm32n6xx_hal_gpio.o
                0x0000000070180c54                HAL_GPIO_TogglePin
 .text.startup.main
                0x0000000070180c68       0xc4 build/main.o
                0x0000000070180c68                main
 .text.SystemInit
                0x0000000070180d2c        0x4 build/system_stm32n6xx_ns.o
                0x0000000070180d2c                SystemInit
 .text.SystemCoreClockUpdate
                0x0000000070180d30       0x10 build/system_stm32n6xx_ns.o
                0x0000000070180d30                SystemCoreClockUpdate
 .text.vTaskSwitchContext.part.0
                0x0000000070180d40       0x94 build/tasks.o
 .text.xTaskIncrementTick.part.0
                0x0000000070180dd4      0x17c build/tasks.o
 .text.xTaskIncrementTick
                0x0000000070180f50       0x20 build/tasks.o
                0x0000000070180f50                xTaskIncrementTick
 .text.vTaskSwitchContext
                0x0000000070180f70       0x1c build/tasks.o
                0x0000000070180f70                vTaskSwitchContext
 .text.SysTick_Handler
                0x0000000070180f8c       0x24 build/port.o
                0x0000000070180f8c                SysTick_Handler
 .text.vPortSVCHandler_C
                0x0000000070180fb0       0x2c build/port.o
                0x0000000070180fb0                vPortSVCHandler_C
 *fill*         0x0000000070180fdc        0x4 
 .text.vRestoreContextOfFirstTask
                0x0000000070180fe0       0x34 build/portasm.o
                0x0000000070180fe0                vRestoreContextOfFirstTask
 .text.ulSetInterruptMask
                0x0000000070181014       0x18 build/portasm.o
                0x0000000070181014                ulSetInterruptMask
 .text.vClearInterruptMask
                0x000000007018102c       0x10 build/portasm.o
                0x000000007018102c                vClearInterruptMask
 *fill*         0x000000007018103c        0x4 
 .text.PendSV_Handler
                0x0000000070181040       0x64 build/portasm.o
                0x0000000070181040                PendSV_Handler
 *fill*         0x00000000701810a4        0xc 
 .text.SVC_Handler
                0x00000000701810b0       0x24 build/portasm.o
                0x00000000701810b0                SVC_Handler
 .text.vApplicationStackOverflowHook
                0x00000000701810d4        0x8 build/app_freertos.o
                0x00000000701810d4                vApplicationStackOverflowHook
 .text.Reset_Handler
                0x00000000701810dc       0x5c build/startup_stm32n657xx_ns.o
                0x00000000701810dc                Reset_Handler
 .text.Default_Handler
                0x0000000070181138        0x2 build/startup_stm32n657xx_ns.o
                0x0000000070181138                HPDMA1_Channel13_IRQHandler
                0x0000000070181138                EXTI2_IRQHandler
                0x0000000070181138                MCE2_IRQHandler
                0x0000000070181138                TIM8_CC_IRQHandler
                0x0000000070181138                USB2_OTG_HS_IRQHandler
                0x0000000070181138                SAI1_A_IRQHandler
                0x0000000070181138                EXTI5_IRQHandler
                0x0000000070181138                I3C1_ER_IRQHandler
                0x0000000070181138                DebugMon_Handler
                0x0000000070181138                UART8_IRQHandler
                0x0000000070181138                CTI_INT0_IRQHandler
                0x0000000070181138                SPI4_IRQHandler
                0x0000000070181138                LTDC_LO_IRQHandler
                0x0000000070181138                NPU2_IRQHandler
                0x0000000070181138                FDCAN3_IT0_IRQHandler
                0x0000000070181138                EXTI13_IRQHandler
                0x0000000070181138                TIM1_CC_IRQHandler
                0x0000000070181138                XSPI1_IRQHandler
                0x0000000070181138                HardFault_Handler
                0x0000000070181138                TIM10_IRQHandler
                0x0000000070181138                JPEG_IRQHandler
                0x0000000070181138                TAMP_IRQHandler
                0x0000000070181138                CACHE_ECC_IRQHandler
                0x0000000070181138                TIM6_IRQHandler
                0x0000000070181138                CSI_IRQHandler
                0x0000000070181138                EXTI12_IRQHandler
                0x0000000070181138                GFXTIM_IRQHandler
                0x0000000070181138                NMI_Handler
                0x0000000070181138                EXTI3_IRQHandler
                0x0000000070181138                LPTIM4_IRQHandler
                0x0000000070181138                GPDMA1_Channel5_IRQHandler
                0x0000000070181138                EXTI8_IRQHandler
                0x0000000070181138                LPTIM2_IRQHandler
                0x0000000070181138                GFXMMU_IRQHandler
                0x0000000070181138                LTDC_LO_ERR_IRQHandler
                0x0000000070181138                I2C3_ER_IRQHandler
                0x0000000070181138                RIFSC_TAMPER_IRQHandler
                0x0000000070181138                USART10_IRQHandler
                0x0000000070181138                MDF1_FLT2_IRQHandler
                0x0000000070181138                LPTIM3_IRQHandler
                0x0000000070181138                SAI2_A_IRQHandler
                0x0000000070181138                EXTI0_IRQHandler
                0x0000000070181138                HPDMA1_Channel9_IRQHandler
                0x0000000070181138                I2C2_EV_IRQHandler
                0x0000000070181138                GPU2D_IRQHandler
                0x0000000070181138                FPU_IRQHandler
                0x0000000070181138                GPDMA1_Channel3_IRQHandler
                0x0000000070181138                GPDMA1_Channel7_IRQHandler
                0x0000000070181138                MDF1_FLT4_IRQHandler
                0x0000000070181138                FDCAN1_IT1_IRQHandler
                0x0000000070181138                HPDMA1_Channel3_IRQHandler
                0x0000000070181138                UsageFault_Handler
                0x0000000070181138                ADC1_2_IRQHandler
                0x0000000070181138                GPDMA1_Channel9_IRQHandler
                0x0000000070181138                SPI1_IRQHandler
                0x0000000070181138                CACHEAXI_IRQHandler
                0x0000000070181138                SAI1_B_IRQHandler
                0x0000000070181138                GPDMA1_Channel2_IRQHandler
                0x0000000070181138                PAHB_ERR_IRQHandler
                0x0000000070181138                TIM8_UP_IRQHandler
                0x0000000070181138                RCC_S_IRQHandler
                0x0000000070181138                MDF1_FLT1_IRQHandler
                0x0000000070181138                LTDC_UP_IRQHandler
                0x0000000070181138                LOCKUP_IRQHandler
                0x0000000070181138                PKA_IRQHandler
                0x0000000070181138                USART6_IRQHandler
                0x0000000070181138                HPDMA1_Channel2_IRQHandler
                0x0000000070181138                MDF1_FLT5_IRQHandler
                0x0000000070181138                MCE4_IRQHandler
                0x0000000070181138                I3C2_ER_IRQHandler
                0x0000000070181138                EXTI15_IRQHandler
                0x0000000070181138                TIM17_IRQHandler
                0x0000000070181138                USART3_IRQHandler
                0x0000000070181138                HPDMA1_Channel6_IRQHandler
                0x0000000070181138                CRYP_IRQHandler
                0x0000000070181138                RTC_IRQHandler
                0x0000000070181138                XSPI2_IRQHandler
                0x0000000070181138                EXTI9_IRQHandler
                0x0000000070181138                IAC_IRQHandler
                0x0000000070181138                HPDMA1_Channel0_IRQHandler
                0x0000000070181138                LPTIM5_IRQHandler
                0x0000000070181138                HPDMA1_Channel1_IRQHandler
                0x0000000070181138                UART5_IRQHandler
                0x0000000070181138                TIM4_IRQHandler
                0x0000000070181138                NPU3_IRQHandler
                0x0000000070181138                I3C2_EV_IRQHandler
                0x0000000070181138                I2C1_EV_IRQHandler
                0x0000000070181138                FDCAN_CU_IRQHandler
                0x0000000070181138                GPDMA1_Channel12_IRQHandler
                0x0000000070181138                HPDMA1_Channel7_IRQHandler
                0x0000000070181138                GPDMA1_Channel1_IRQHandler
                0x0000000070181138                TIM16_IRQHandler
                0x0000000070181138                GPDMA1_Channel15_IRQHandler
                0x0000000070181138                UART4_IRQHandler
                0x0000000070181138                SecureFault_Handler
                0x0000000070181138                TCM_ECC_IRQHandler
                0x0000000070181138                TIM3_IRQHandler
                0x0000000070181138                RCC_IRQHandler
                0x0000000070181138                UART9_IRQHandler
                0x0000000070181138                NPU1_IRQHandler
                0x0000000070181138                SAI2_B_IRQHandler
                0x0000000070181138                Default_Handler
                0x0000000070181138                GPDMA1_Channel8_IRQHandler
                0x0000000070181138                HPDMA1_Channel8_IRQHandler
                0x0000000070181138                TIM18_IRQHandler
                0x0000000070181138                TIM14_IRQHandler
                0x0000000070181138                TIM13_IRQHandler
                0x0000000070181138                CTI_INT1_IRQHandler
                0x0000000070181138                GPDMA1_Channel11_IRQHandler
                0x0000000070181138                GPU2D_ER_IRQHandler
                0x0000000070181138                SPI5_IRQHandler
                0x0000000070181138                TIM12_IRQHandler
                0x0000000070181138                TIM7_IRQHandler
                0x0000000070181138                FDCAN3_IT1_IRQHandler
                0x0000000070181138                HPDMA1_Channel10_IRQHandler
                0x0000000070181138                SDMMC1_IRQHandler
                0x0000000070181138                SAES_IRQHandler
                0x0000000070181138                TIM5_IRQHandler
                0x0000000070181138                UCPD1_IRQHandler
                0x0000000070181138                GPDMA1_Channel0_IRQHandler
                0x0000000070181138                I3C1_EV_IRQHandler
                0x0000000070181138                HPDMA1_Channel5_IRQHandler
                0x0000000070181138                TIM15_IRQHandler
                0x0000000070181138                I2C3_EV_IRQHandler
                0x0000000070181138                HPDMA1_Channel4_IRQHandler
                0x0000000070181138                HPDMA1_Channel15_IRQHandler
                0x0000000070181138                TIM9_IRQHandler
                0x0000000070181138                ETH1_IRQHandler
                0x0000000070181138                USB1_OTG_HS_IRQHandler
                0x0000000070181138                PVD_PVM_IRQHandler
                0x0000000070181138                SPI2_IRQHandler
                0x0000000070181138                TIM1_TRG_CCU_IRQHandler
                0x0000000070181138                HPDMA1_Channel11_IRQHandler
                0x0000000070181138                MemManage_Handler
                0x0000000070181138                EXTI14_IRQHandler
                0x0000000070181138                EXTI11_IRQHandler
                0x0000000070181138                VENC_IRQHandler
                0x0000000070181138                GPDMA1_Channel14_IRQHandler
                0x0000000070181138                EXTI4_IRQHandler
                0x0000000070181138                RTC_S_IRQHandler
                0x0000000070181138                GPDMA1_Channel13_IRQHandler
                0x0000000070181138                RNG_IRQHandler
                0x0000000070181138                XSPI3_IRQHandler
                0x0000000070181138                FDCAN2_IT1_IRQHandler
                0x0000000070181138                TIM1_UP_IRQHandler
                0x0000000070181138                NPU0_IRQHandler
                0x0000000070181138                BCK_ECC_IRQHandler
                0x0000000070181138                WWDG_IRQHandler
                0x0000000070181138                SPI6_IRQHandler
                0x0000000070181138                MDIOS_IRQHandler
                0x0000000070181138                I2C4_EV_IRQHandler
                0x0000000070181138                FDCAN2_IT0_IRQHandler
                0x0000000070181138                IWDG_IRQHandler
                0x0000000070181138                HPDMA1_Channel14_IRQHandler
                0x0000000070181138                LPUART1_IRQHandler
                0x0000000070181138                FDCAN1_IT0_IRQHandler
                0x0000000070181138                MDF1_FLT0_IRQHandler
                0x0000000070181138                TIM2_IRQHandler
                0x0000000070181138                MCE3_IRQHandler
                0x0000000070181138                GPDMA1_Channel4_IRQHandler
                0x0000000070181138                EXTI7_IRQHandler
                0x0000000070181138                DMA2D_IRQHandler
                0x0000000070181138                TIM1_BRK_IRQHandler
                0x0000000070181138                EXTI1_IRQHandler
                0x0000000070181138                SDMMC2_IRQHandler
                0x0000000070181138                TIM11_IRQHandler
                0x0000000070181138                LTDC_UP_ERR_IRQHandler
                0x0000000070181138                UART7_IRQHandler
                0x0000000070181138                DTS_IRQHandler
                0x0000000070181138                MDF1_FLT3_IRQHandler
                0x0000000070181138                USART2_IRQHandler
                0x0000000070181138                GPDMA1_Channel6_IRQHandler
                0x0000000070181138                ADF1_FLT0_IRQHandler
                0x0000000070181138                I2C2_ER_IRQHandler
                0x0000000070181138                MCE1_IRQHandler
                0x0000000070181138                SPDIFRX_IRQHandler
                0x0000000070181138                TIM8_BRK_IRQHandler
                0x0000000070181138                HPDMA1_Channel12_IRQHandler
                0x0000000070181138                BusFault_Handler
                0x0000000070181138                USART1_IRQHandler
                0x0000000070181138                EXTI10_IRQHandler
                0x0000000070181138                SPI3_IRQHandler
                0x0000000070181138                WAKEUP_PIN_IRQHandler
                0x0000000070181138                DCMIPP_IRQHandler
                0x0000000070181138                I2C1_ER_IRQHandler
                0x0000000070181138                FMC_IRQHandler
                0x0000000070181138                EXTI6_IRQHandler
                0x0000000070181138                LPTIM1_IRQHandler
                0x0000000070181138                DCMI_PSSI_IRQHandler
                0x0000000070181138                TIM8_TRG_CCU_IRQHandler
                0x0000000070181138                I2C4_ER_IRQHandler
                0x0000000070181138                GPDMA1_Channel10_IRQHandler
                0x0000000070181138                ICACHE_IRQHandler
                0x0000000070181138                HASH_IRQHandler
 *(.glue_7)
 .glue_7        0x000000007018113a        0x0 linker stubs
 *(.glue_7t)
 .glue_7t       0x000000007018113a        0x0 linker stubs
 *(.eh_frame)
 *fill*         0x000000007018113a        0x2 
 .eh_frame      0x000000007018113c        0x0 /usr/lib/gcc/arm-none-eabi/10.3.1/thumb/v8-m.main+dp/hard/crtbegin.o
 *(.init)
 .init          0x000000007018113c        0x4 /usr/lib/gcc/arm-none-eabi/10.3.1/thumb/v8-m.main+dp/hard/crti.o
                0x000000007018113c                _init
 .init          0x0000000070181140        0x8 /usr/lib/gcc/arm-none-eabi/10.3.1/thumb/v8-m.main+dp/hard/crtn.o
 *(.fini)
 .fini          0x0000000070181148        0x4 /usr/lib/gcc/arm-none-eabi/10.3.1/thumb/v8-m.main+dp/hard/crti.o
                0x0000000070181148                _fini
 .fini          0x000000007018114c        0x8 /usr/lib/gcc/arm-none-eabi/10.3.1/thumb/v8-m.main+dp/hard/crtn.o
                0x0000000070181154                . = ALIGN (0x4)
                0x0000000070181154                _etext = .

.vfp11_veneer   0x0000000070181154        0x0
 .vfp11_veneer  0x0000000070181154        0x0 linker stubs

.v4_bx          0x0000000070181154        0x0
 .v4_bx         0x0000000070181154        0x0 linker stubs

.iplt           0x0000000070181154        0x0
 .iplt          0x0000000070181154        0x0 /usr/lib/gcc/arm-none-eabi/10.3.1/thumb/v8-m.main+dp/hard/crtbegin.o

.rel.dyn        0x0000000070181154        0x0
 .rel.iplt      0x0000000070181154        0x0 /usr/lib/gcc/arm-none-eabi/10.3.1/thumb/v8-m.main+dp/hard/crtbegin.o

.rodata         0x0000000070181154        0x0
                0x0000000070181154                . = ALIGN (0x4)
 *(.rodata)
 *(.rodata*)
                0x0000000070181154                . = ALIGN (0x4)

.ARM.extab      0x0000000070181154        0x0
                0x0000000070181154                . = ALIGN (0x4)
 *(.ARM.extab* .gnu.linkonce.armextab.*)
                0x0000000070181154                . = ALIGN (0x4)

.ARM            0x0000000070181154        0x0
                0x0000000070181154                . = ALIGN (0x4)
                0x0000000070181154                __exidx_start = .
 *(.ARM.exidx*)
                0x0000000070181154                __exidx_end = .
                0x0000000070181154                . = ALIGN (0x4)

.preinit_array  0x0000000070181154        0xc
                0x0000000070181160                . = ALIGN (0x10)
 *fill*         0x0000000070181154        0xc 
                0x0000000070181160                PROVIDE (__preinit_array_start = .)
 *(.preinit_array*)
                0x0000000070181160                PROVIDE (__preinit_array_end = .)
                0x0000000070181160                . = ALIGN (0x4)

.init_array     0x0000000070181160        0x4
                0x0000000070181160                . = ALIGN (0x4)
                0x0000000070181160                PROVIDE (__init_array_start = .)
 *(SORT_BY_NAME(.init_array.*))
 *(.init_array*)
 .init_array    0x0000000070181160        0x4 /usr/lib/gcc/arm-none-eabi/10.3.1/thumb/v8-m.main+dp/hard/crtbegin.o
                0x0000000070181164                PROVIDE (__init_array_end = .)
                0x0000000070181164                . = ALIGN (0x4)

.fini_array     0x0000000070181164        0x4
                0x0000000070181164                . = ALIGN (0x4)
                0x0000000070181164                PROVIDE (__fini_array_start = .)
 *(SORT_BY_NAME(.fini_array.*))
 *(.fini_array*)
 .fini_array    0x0000000070181164        0x4 /usr/lib/gcc/arm-none-eabi/10.3.1/thumb/v8-m.main+dp/hard/crtbegin.o
                0x0000000070181168                PROVIDE (__fini_array_end = .)
                0x0000000070181168                . = ALIGN (0x4)
                0x0000000070181168                _sidata = LOADADDR (.data)

.data           0x0000000024100000        0xc load address 0x0000000070181168
                0x0000000024100000                . = ALIGN (0x4)
                0x0000000024100000                _sdata = .
 *(.data)
 *(.data*)
 .data.uwTickFreq
                0x0000000024100000        0x1 build/stm32n6xx_hal.o
                0x0000000024100000                uwTickFreq
 *fill*         0x0000000024100001        0x3 
 .data.uwTickPrio
                0x0000000024100004        0x4 build/stm32n6xx_hal.o
                0x0000000024100004                uwTickPrio
 .data.SystemCoreClock
                0x0000000024100008        0x4 build/system_stm32n6xx_ns.o
                0x0000000024100008                SystemCoreClock
 *(.RamFunc)
 *(.RamFunc*)
                0x000000002410000c                . = ALIGN (0x4)
                0x000000002410000c                _edata = .

.tm_clone_table
                0x000000002410000c        0x0 load address 0x0000000070181174
 .tm_clone_table
                0x000000002410000c        0x0 /usr/lib/gcc/arm-none-eabi/10.3.1/thumb/v8-m.main+dp/hard/crtbegin.o
 .tm_clone_table
                0x000000002410000c        0x0 /usr/lib/gcc/arm-none-eabi/10.3.1/thumb/v8-m.main+dp/hard/crtend.o

.igot.plt       0x000000002410000c        0x0 load address 0x0000000070181174
 .igot.plt      0x000000002410000c        0x0 /usr/lib/gcc/arm-none-eabi/10.3.1/thumb/v8-m.main+dp/hard/crtbegin.o
                0x000000002410000c                . = ALIGN (0x4)

.bss            0x000000002410000c      0x188 load address 0x0000000070181174
                0x000000002410000c                _sbss = .
                0x000000002410000c                __bss_start__ = _sbss
 *(.bss)
 .bss           0x000000002410000c       0x1c /usr/lib/gcc/arm-none-eabi/10.3.1/thumb/v8-m.main+dp/hard/crtbegin.o
 *(.bss*)
 .bss.uwTick    0x0000000024100028        0x4 build/stm32n6xx_hal.o
                0x0000000024100028                uwTick
 .bss.pxCurrentTCB
                0x000000002410002c        0x4 build/tasks.o
                0x000000002410002c                pxCurrentTCB
 .bss.pxDelayedTaskList
                0x0000000024100030        0x4 build/tasks.o
 .bss.pxOverflowDelayedTaskList
                0x0000000024100034        0x4 build/tasks.o
 .bss.pxReadyTasksLists
                0x0000000024100038      0x140 build/tasks.o
 .bss.uxSchedulerSuspended
                0x0000000024100178        0x4 build/tasks.o
 .bss.uxTopReadyPriority
                0x000000002410017c        0x4 build/tasks.o
 .bss.xNextTaskUnblockTime
                0x0000000024100180        0x4 build/tasks.o
 .bss.xNumOfOverflows
                0x0000000024100184        0x4 build/tasks.o
 .bss.xPendedTicks
                0x0000000024100188        0x4 build/tasks.o
 .bss.xTickCount
                0x000000002410018c        0x4 build/tasks.o
 .bss.xYieldPending
                0x0000000024100190        0x4 build/tasks.o
 *(COMMON)
                0x0000000024100194                . = ALIGN (0x4)
                0x0000000024100194                _ebss = .
                0x0000000024100194                __bss_end__ = _ebss

._user_heap_stack
                0x0000000024100194     0x4204 load address 0x0000000070181174
                0x0000000024100198                . = ALIGN (0x8)
 *fill*         0x0000000024100194        0x4 
                0x0000000024100198                PROVIDE (end = .)
                [!provide]                        PROVIDE (_end = .)
                0x0000000024100398                . = (. + _Min_Heap_Size)
 *fill*         0x0000000024100198      0x200 
                0x0000000024104398                . = (. + _Min_Stack_Size)
 *fill*         0x0000000024100398     0x4000 
                0x0000000024104398                . = ALIGN (0x8)

/DISCARD/
 libc.a(*)
 libm.a(*)
 libgcc.a(*)

.ARM.attributes
                0x0000000000000000       0x3a
 *(.ARM.attributes)
 .ARM.attributes
                0x0000000000000000       0x22 /usr/lib/gcc/arm-none-eabi/10.3.1/thumb/v8-m.main+dp/hard/crti.o
 .ARM.attributes
                0x0000000000000022       0x36 /usr/lib/gcc/arm-none-eabi/10.3.1/thumb/v8-m.main+dp/hard/crtbegin.o
 .ARM.attributes
                0x0000000000000058       0x3e build/stm32n6xx_hal.o
 .ARM.attributes
                0x0000000000000096       0x3e build/stm32n6xx_hal_cortex.o
 .ARM.attributes
                0x00000000000000d4       0x3e build/stm32n6xx_hal_gpio.o
 .ARM.attributes
                0x0000000000000112       0x3e build/main.o
 .ARM.attributes
                0x0000000000000150       0x3e build/system_stm32n6xx_ns.o
 .ARM.attributes
                0x000000000000018e       0x3e build/tasks.o
 .ARM.attributes
                0x00000000000001cc       0x3e build/port.o
 .ARM.attributes
                0x000000000000020a       0x3e build/portasm.o
 .ARM.attributes
                0x0000000000000248       0x3e build/app_freertos.o
 .ARM.attributes
                0x0000000000000286       0x22 build/startup_stm32n657xx_ns.o
 .ARM.attributes
                0x00000000000002a8       0x36 /usr/lib/gcc/arm-none-eabi/10.3.1/../../../arm-none-eabi/lib/thumb/v8-m.main+dp/hard/libc_nano.a(lib_a-init.o)
 .ARM.attributes
                0x00000000000002de       0x34 /usr/lib/gcc/arm-none-eabi/10.3.1/thumb/v8-m.main+dp/hard/crtend.o
 .ARM.attributes
                0x0000000000000312       0x22 /usr/lib/gcc/arm-none-eabi/10.3.1/thumb/v8-m.main+dp/hard/crtn.o
OUTPUT(build/lingxi-bl-firmware.elf elf32-littlearm)
LOAD linker stubs
LOAD /usr/lib/gcc/arm-none-eabi/10.3.1/../../../arm-none-eabi/lib/thumb/v8-m.main+dp/hard/libc.a
LOAD /usr/lib/gcc/arm-none-eabi/10.3.1/../../../arm-none-eabi/lib/thumb/v8-m.main+dp/hard/libm.a
LOAD /usr/lib/gcc/arm-none-eabi/10.3.1/thumb/v8-m.main+dp/hard/libgcc.a

.comment        0x0000000000000000       0x33
 .comment       0x0000000000000000       0x33 /usr/lib/gcc/arm-none-eabi/10.3.1/thumb/v8-m.main+dp/hard/crtbegin.o
                                         0x34 (size before relaxing)
 .comment       0x0000000000000033       0x34 build/stm32n6xx_hal.o
 .comment       0x0000000000000033       0x34 build/stm32n6xx_hal_cortex.o
 .comment       0x0000000000000033       0x34 build/stm32n6xx_hal_gpio.o
 .comment       0x0000000000000033       0x34 build/main.o
 .comment       0x0000000000000033       0x34 build/system_stm32n6xx_ns.o
 .comment       0x0000000000000033       0x34 build/tasks.o
 .comment       0x0000000000000033       0x34 build/port.o
 .comment       0x0000000000000033       0x34 build/portasm.o
 .comment       0x0000000000000033       0x34 build/app_freertos.o
 .comment       0x0000000000000033       0x34 /usr/lib/gcc/arm-none-eabi/10.3.1/../../../arm-none-eabi/lib/thumb/v8-m.main+dp/hard/libc_nano.a(lib_a-init.o)
 .comment       0x0000000000000033       0x34 /usr/lib/gcc/arm-none-eabi/10.3.1/thumb/v8-m.main+dp/hard/crtend.o

.debug_info     0x0000000000000000     0xb50b
 .debug_info    0x0000000000000000     0x2c78 build/stm32n6xx_hal.o
 .debug_info    0x0000000000002c78     0x1718 build/stm32n6xx_hal_cortex.o
 .debug_info    0x0000000000004390      0xc08 build/stm32n6xx_hal_gpio.o
 .debug_info    0x0000000000004f98     0x15fc build/main.o
 .debug_info    0x0000000000006594      0x10a build/system_stm32n6xx_ns.o
 .debug_info    0x000000000000669e     0x3104 build/tasks.o
 .debug_info    0x00000000000097a2      0x3dc build/port.o
 .debug_info    0x0000000000009b7e      0x15f build/portasm.o
 .debug_info    0x0000000000009cdd     0x1714 build/app_freertos.o
 .debug_info    0x000000000000b3f1      0x11a /usr/lib/gcc/arm-none-eabi/10.3.1/../../../arm-none-eabi/lib/thumb/v8-m.main+dp/hard/libc_nano.a(lib_a-init.o)

.debug_abbrev   0x0000000000000000     0x1678
 .debug_abbrev  0x0000000000000000      0x329 build/stm32n6xx_hal.o
 .debug_abbrev  0x0000000000000329      0x372 build/stm32n6xx_hal_cortex.o
 .debug_abbrev  0x000000000000069b      0x2a4 build/stm32n6xx_hal_gpio.o
 .debug_abbrev  0x000000000000093f      0x1fb build/main.o
 .debug_abbrev  0x0000000000000b3a       0xa1 build/system_stm32n6xx_ns.o
 .debug_abbrev  0x0000000000000bdb      0x48c build/tasks.o
 .debug_abbrev  0x0000000000001067      0x1b9 build/port.o
 .debug_abbrev  0x0000000000001220       0xb6 build/portasm.o
 .debug_abbrev  0x00000000000012d6      0x2d6 build/app_freertos.o
 .debug_abbrev  0x00000000000015ac       0xcc /usr/lib/gcc/arm-none-eabi/10.3.1/../../../arm-none-eabi/lib/thumb/v8-m.main+dp/hard/libc_nano.a(lib_a-init.o)

.debug_loc      0x0000000000000000     0x5467
 .debug_loc     0x0000000000000000     0x106a build/stm32n6xx_hal.o
 .debug_loc     0x000000000000106a      0x881 build/stm32n6xx_hal_cortex.o
 .debug_loc     0x00000000000018eb      0x83f build/stm32n6xx_hal_gpio.o
 .debug_loc     0x000000000000212a       0xb3 build/main.o
 .debug_loc     0x00000000000021dd     0x2ced build/tasks.o
 .debug_loc     0x0000000000004eca      0x23a build/port.o
 .debug_loc     0x0000000000005104      0x2a9 build/app_freertos.o
 .debug_loc     0x00000000000053ad       0xba /usr/lib/gcc/arm-none-eabi/10.3.1/../../../arm-none-eabi/lib/thumb/v8-m.main+dp/hard/libc_nano.a(lib_a-init.o)

.debug_aranges  0x0000000000000000      0x898
 .debug_aranges
                0x0000000000000000      0x3b0 build/stm32n6xx_hal.o
 .debug_aranges
                0x00000000000003b0       0xc8 build/stm32n6xx_hal_cortex.o
 .debug_aranges
                0x0000000000000478       0x90 build/stm32n6xx_hal_gpio.o
 .debug_aranges
                0x0000000000000508       0x28 build/main.o
 .debug_aranges
                0x0000000000000530       0x28 build/system_stm32n6xx_ns.o
 .debug_aranges
                0x0000000000000558      0x1d8 build/tasks.o
 .debug_aranges
                0x0000000000000730       0x70 build/port.o
 .debug_aranges
                0x00000000000007a0       0x60 build/portasm.o
 .debug_aranges
                0x0000000000000800       0x78 build/app_freertos.o
 .debug_aranges
                0x0000000000000878       0x20 /usr/lib/gcc/arm-none-eabi/10.3.1/../../../arm-none-eabi/lib/thumb/v8-m.main+dp/hard/libc_nano.a(lib_a-init.o)

.debug_ranges   0x0000000000000000     0x1210
 .debug_ranges  0x0000000000000000      0x3a0 build/stm32n6xx_hal.o
 .debug_ranges  0x00000000000003a0      0x1d0 build/stm32n6xx_hal_cortex.o
 .debug_ranges  0x0000000000000570       0xb8 build/stm32n6xx_hal_gpio.o
 .debug_ranges  0x0000000000000628       0xf8 build/main.o
 .debug_ranges  0x0000000000000720       0x18 build/system_stm32n6xx_ns.o
 .debug_ranges  0x0000000000000738      0x930 build/tasks.o
 .debug_ranges  0x0000000000001068       0x60 build/port.o
 .debug_ranges  0x00000000000010c8       0x50 build/portasm.o
 .debug_ranges  0x0000000000001118       0xf8 build/app_freertos.o

.debug_line     0x0000000000000000     0x5fd9
 .debug_line    0x0000000000000000     0x1361 build/stm32n6xx_hal.o
 .debug_line    0x0000000000001361      0x873 build/stm32n6xx_hal_cortex.o
 .debug_line    0x0000000000001bd4      0xb08 build/stm32n6xx_hal_gpio.o
 .debug_line    0x00000000000026dc      0x2cf build/main.o
 .debug_line    0x00000000000029ab       0xe6 build/system_stm32n6xx_ns.o
 .debug_line    0x0000000000002a91     0x254c build/tasks.o
 .debug_line    0x0000000000004fdd      0x3af build/port.o
 .debug_line    0x000000000000538c      0x19e build/portasm.o
 .debug_line    0x000000000000552a      0x971 build/app_freertos.o
 .debug_line    0x0000000000005e9b      0x13e /usr/lib/gcc/arm-none-eabi/10.3.1/../../../arm-none-eabi/lib/thumb/v8-m.main+dp/hard/libc_nano.a(lib_a-init.o)

.debug_str      0x0000000000000000     0x4ed2
 .debug_str     0x0000000000000000     0x27ee build/stm32n6xx_hal.o
                                       0x291a (size before relaxing)
 .debug_str     0x00000000000027ee      0x620 build/stm32n6xx_hal_cortex.o
                                       0x137d (size before relaxing)
 .debug_str     0x0000000000002e0e      0x380 build/stm32n6xx_hal_gpio.o
                                        0x62d (size before relaxing)
 .debug_str     0x000000000000318e       0x5d build/main.o
                                        0xd73 (size before relaxing)
 .debug_str     0x00000000000031eb       0x39 build/system_stm32n6xx_ns.o
                                        0x20f (size before relaxing)
 .debug_str     0x0000000000003224      0xfe0 build/tasks.o
                                       0x1206 (size before relaxing)
 .debug_str     0x0000000000004204      0x142 build/port.o
                                        0x403 (size before relaxing)
 .debug_str     0x0000000000004346       0x94 build/portasm.o
                                        0x299 (size before relaxing)
 .debug_str     0x00000000000043da      0x98a build/app_freertos.o
                                        0xcbf (size before relaxing)
 .debug_str     0x0000000000004d64      0x16e /usr/lib/gcc/arm-none-eabi/10.3.1/../../../arm-none-eabi/lib/thumb/v8-m.main+dp/hard/libc_nano.a(lib_a-init.o)
                                        0x216 (size before relaxing)

.debug_frame    0x0000000000000000     0x15e4
 .debug_frame   0x0000000000000000      0x7d0 build/stm32n6xx_hal.o
 .debug_frame   0x00000000000007d0      0x1ac build/stm32n6xx_hal_cortex.o
 .debug_frame   0x000000000000097c      0x1f0 build/stm32n6xx_hal_gpio.o
 .debug_frame   0x0000000000000b6c       0x3c build/main.o
 .debug_frame   0x0000000000000ba8       0x30 build/system_stm32n6xx_ns.o
 .debug_frame   0x0000000000000bd8      0x6d8 build/tasks.o
 .debug_frame   0x00000000000012b0      0x104 build/port.o
 .debug_frame   0x00000000000013b4       0xa0 build/portasm.o
 .debug_frame   0x0000000000001454      0x164 build/app_freertos.o
 .debug_frame   0x00000000000015b8       0x2c /usr/lib/gcc/arm-none-eabi/10.3.1/../../../arm-none-eabi/lib/thumb/v8-m.main+dp/hard/libc_nano.a(lib_a-init.o)

Cross Reference Table

Symbol                                            File
ADC1_2_IRQHandler                                 build/startup_stm32n657xx_ns.o
ADF1_FLT0_IRQHandler                              build/startup_stm32n657xx_ns.o
BCK_ECC_IRQHandler                                build/startup_stm32n657xx_ns.o
BusFault_Handler                                  build/startup_stm32n657xx_ns.o
CACHEAXI_IRQHandler                               build/startup_stm32n657xx_ns.o
CACHE_ECC_IRQHandler                              build/startup_stm32n657xx_ns.o
CRYP_IRQHandler                                   build/startup_stm32n657xx_ns.o
CSI_IRQHandler                                    build/startup_stm32n657xx_ns.o
CTI_INT0_IRQHandler                               build/startup_stm32n657xx_ns.o
CTI_INT1_IRQHandler                               build/startup_stm32n657xx_ns.o
CorePrescTable                                    build/system_stm32n6xx_ns.o
DCMIPP_IRQHandler                                 build/startup_stm32n657xx_ns.o
DCMI_PSSI_IRQHandler                              build/startup_stm32n657xx_ns.o
DMA2D_IRQHandler                                  build/startup_stm32n657xx_ns.o
DTS_IRQHandler                                    build/startup_stm32n657xx_ns.o
DebugMon_Handler                                  build/startup_stm32n657xx_ns.o
Default_Handler                                   build/startup_stm32n657xx_ns.o
ETH1_IRQHandler                                   build/startup_stm32n657xx_ns.o
EXTI0_IRQHandler                                  build/startup_stm32n657xx_ns.o
EXTI10_IRQHandler                                 build/startup_stm32n657xx_ns.o
EXTI11_IRQHandler                                 build/startup_stm32n657xx_ns.o
EXTI12_IRQHandler                                 build/startup_stm32n657xx_ns.o
EXTI13_IRQHandler                                 build/startup_stm32n657xx_ns.o
EXTI14_IRQHandler                                 build/startup_stm32n657xx_ns.o
EXTI15_IRQHandler                                 build/startup_stm32n657xx_ns.o
EXTI1_IRQHandler                                  build/startup_stm32n657xx_ns.o
EXTI2_IRQHandler                                  build/startup_stm32n657xx_ns.o
EXTI3_IRQHandler                                  build/startup_stm32n657xx_ns.o
EXTI4_IRQHandler                                  build/startup_stm32n657xx_ns.o
EXTI5_IRQHandler                                  build/startup_stm32n657xx_ns.o
EXTI6_IRQHandler                                  build/startup_stm32n657xx_ns.o
EXTI7_IRQHandler                                  build/startup_stm32n657xx_ns.o
EXTI8_IRQHandler                                  build/startup_stm32n657xx_ns.o
EXTI9_IRQHandler                                  build/startup_stm32n657xx_ns.o
FDCAN1_IT0_IRQHandler                             build/startup_stm32n657xx_ns.o
FDCAN1_IT1_IRQHandler                             build/startup_stm32n657xx_ns.o
FDCAN2_IT0_IRQHandler                             build/startup_stm32n657xx_ns.o
FDCAN2_IT1_IRQHandler                             build/startup_stm32n657xx_ns.o
FDCAN3_IT0_IRQHandler                             build/startup_stm32n657xx_ns.o
FDCAN3_IT1_IRQHandler                             build/startup_stm32n657xx_ns.o
FDCAN_CU_IRQHandler                               build/startup_stm32n657xx_ns.o
FMC_IRQHandler                                    build/startup_stm32n657xx_ns.o
FMC_NAND_AttributeSpace_Timing_Init               build/stm32n6xx_ll_fmc.o
FMC_NAND_CommonSpace_Timing_Init                  build/stm32n6xx_ll_fmc.o
FMC_NAND_DeInit                                   build/stm32n6xx_ll_fmc.o
FMC_NAND_ECC_Disable                              build/stm32n6xx_ll_fmc.o
FMC_NAND_ECC_Enable                               build/stm32n6xx_ll_fmc.o
FMC_NAND_GetECC                                   build/stm32n6xx_ll_fmc.o
FMC_NAND_Init                                     build/stm32n6xx_ll_fmc.o
FMC_NORSRAM_DeInit                                build/stm32n6xx_ll_fmc.o
FMC_NORSRAM_Extended_Timing_Init                  build/stm32n6xx_ll_fmc.o
FMC_NORSRAM_Init                                  build/stm32n6xx_ll_fmc.o
FMC_NORSRAM_Timing_Init                           build/stm32n6xx_ll_fmc.o
FMC_NORSRAM_WriteOperation_Disable                build/stm32n6xx_ll_fmc.o
FMC_NORSRAM_WriteOperation_Enable                 build/stm32n6xx_ll_fmc.o
FMC_SDRAM_DeInit                                  build/stm32n6xx_ll_fmc.o
                                                  build/stm32n6xx_hal_sdram.o
FMC_SDRAM_GetModeStatus                           build/stm32n6xx_ll_fmc.o
                                                  build/stm32n6xx_hal_sdram.o
FMC_SDRAM_Init                                    build/stm32n6xx_ll_fmc.o
                                                  build/stm32n6xx_hal_sdram.o
FMC_SDRAM_ProgramRefreshRate                      build/stm32n6xx_ll_fmc.o
                                                  build/stm32n6xx_hal_sdram.o
FMC_SDRAM_SendCommand                             build/stm32n6xx_ll_fmc.o
                                                  build/stm32n6xx_hal_sdram.o
FMC_SDRAM_SetAutoRefreshNumber                    build/stm32n6xx_ll_fmc.o
                                                  build/stm32n6xx_hal_sdram.o
FMC_SDRAM_Timing_Init                             build/stm32n6xx_ll_fmc.o
                                                  build/stm32n6xx_hal_sdram.o
FMC_SDRAM_WriteProtection_Disable                 build/stm32n6xx_ll_fmc.o
                                                  build/stm32n6xx_hal_sdram.o
FMC_SDRAM_WriteProtection_Enable                  build/stm32n6xx_ll_fmc.o
                                                  build/stm32n6xx_hal_sdram.o
FPU_IRQHandler                                    build/startup_stm32n657xx_ns.o
GFXMMU_IRQHandler                                 build/startup_stm32n657xx_ns.o
GFXTIM_IRQHandler                                 build/startup_stm32n657xx_ns.o
GPDMA1_Channel0_IRQHandler                        build/startup_stm32n657xx_ns.o
GPDMA1_Channel10_IRQHandler                       build/startup_stm32n657xx_ns.o
GPDMA1_Channel11_IRQHandler                       build/startup_stm32n657xx_ns.o
GPDMA1_Channel12_IRQHandler                       build/startup_stm32n657xx_ns.o
GPDMA1_Channel13_IRQHandler                       build/startup_stm32n657xx_ns.o
GPDMA1_Channel14_IRQHandler                       build/startup_stm32n657xx_ns.o
GPDMA1_Channel15_IRQHandler                       build/startup_stm32n657xx_ns.o
GPDMA1_Channel1_IRQHandler                        build/startup_stm32n657xx_ns.o
GPDMA1_Channel2_IRQHandler                        build/startup_stm32n657xx_ns.o
GPDMA1_Channel3_IRQHandler                        build/startup_stm32n657xx_ns.o
GPDMA1_Channel4_IRQHandler                        build/startup_stm32n657xx_ns.o
GPDMA1_Channel5_IRQHandler                        build/startup_stm32n657xx_ns.o
GPDMA1_Channel6_IRQHandler                        build/startup_stm32n657xx_ns.o
GPDMA1_Channel7_IRQHandler                        build/startup_stm32n657xx_ns.o
GPDMA1_Channel8_IRQHandler                        build/startup_stm32n657xx_ns.o
GPDMA1_Channel9_IRQHandler                        build/startup_stm32n657xx_ns.o
GPU2D_ER_IRQHandler                               build/startup_stm32n657xx_ns.o
GPU2D_IRQHandler                                  build/startup_stm32n657xx_ns.o
HAL_CORTEX_ClearEvent                             build/stm32n6xx_hal_cortex.o
HAL_DBGMCU_DisableDBGSleepMode                    build/stm32n6xx_hal.o
HAL_DBGMCU_DisableDBGStandbyMode                  build/stm32n6xx_hal.o
HAL_DBGMCU_DisableDBGStopMode                     build/stm32n6xx_hal.o
HAL_DBGMCU_EnableDBGSleepMode                     build/stm32n6xx_hal.o
HAL_DBGMCU_EnableDBGStandbyMode                   build/stm32n6xx_hal.o
HAL_DBGMCU_EnableDBGStopMode                      build/stm32n6xx_hal.o
HAL_DMAEx_ConfigDataHandling                      build/stm32n6xx_hal_dma_ex.o
HAL_DMAEx_ConfigRepeatBlock                       build/stm32n6xx_hal_dma_ex.o
HAL_DMAEx_ConfigTrigger                           build/stm32n6xx_hal_dma_ex.o
HAL_DMAEx_GetFifoLevel                            build/stm32n6xx_hal_dma_ex.o
                                                  build/stm32n6xx_hal_i2c.o
HAL_DMAEx_List_BuildNode                          build/stm32n6xx_hal_dma_ex.o
HAL_DMAEx_List_ClearCircularMode                  build/stm32n6xx_hal_dma_ex.o
HAL_DMAEx_List_ConvertQToDynamic                  build/stm32n6xx_hal_dma_ex.o
HAL_DMAEx_List_ConvertQToStatic                   build/stm32n6xx_hal_dma_ex.o
HAL_DMAEx_List_DeInit                             build/stm32n6xx_hal_dma_ex.o
HAL_DMAEx_List_GetNodeConfig                      build/stm32n6xx_hal_dma_ex.o
HAL_DMAEx_List_Init                               build/stm32n6xx_hal_dma_ex.o
HAL_DMAEx_List_InsertNode                         build/stm32n6xx_hal_dma_ex.o
HAL_DMAEx_List_InsertNode_Head                    build/stm32n6xx_hal_dma_ex.o
HAL_DMAEx_List_InsertNode_Tail                    build/stm32n6xx_hal_dma_ex.o
HAL_DMAEx_List_InsertQ                            build/stm32n6xx_hal_dma_ex.o
HAL_DMAEx_List_InsertQ_Head                       build/stm32n6xx_hal_dma_ex.o
HAL_DMAEx_List_InsertQ_Tail                       build/stm32n6xx_hal_dma_ex.o
HAL_DMAEx_List_LinkQ                              build/stm32n6xx_hal_dma_ex.o
HAL_DMAEx_List_RemoveNode                         build/stm32n6xx_hal_dma_ex.o
HAL_DMAEx_List_RemoveNode_Head                    build/stm32n6xx_hal_dma_ex.o
HAL_DMAEx_List_RemoveNode_Tail                    build/stm32n6xx_hal_dma_ex.o
HAL_DMAEx_List_ReplaceNode                        build/stm32n6xx_hal_dma_ex.o
HAL_DMAEx_List_ReplaceNode_Head                   build/stm32n6xx_hal_dma_ex.o
HAL_DMAEx_List_ReplaceNode_Tail                   build/stm32n6xx_hal_dma_ex.o
HAL_DMAEx_List_ResetQ                             build/stm32n6xx_hal_dma_ex.o
HAL_DMAEx_List_SetCircularMode                    build/stm32n6xx_hal_dma_ex.o
HAL_DMAEx_List_SetCircularModeConfig              build/stm32n6xx_hal_dma_ex.o
HAL_DMAEx_List_Start                              build/stm32n6xx_hal_dma_ex.o
HAL_DMAEx_List_Start_IT                           build/stm32n6xx_hal_dma_ex.o
                                                  build/stm32n6xx_hal_xspi.o
                                                  build/stm32n6xx_hal_usart.o
                                                  build/stm32n6xx_hal_uart.o
                                                  build/stm32n6xx_hal_spi.o
                                                  build/stm32n6xx_hal_i2c.o
                                                  build/stm32n6xx_hal_sdram.o
HAL_DMAEx_List_UnLinkQ                            build/stm32n6xx_hal_dma_ex.o
HAL_DMAEx_Resume                                  build/stm32n6xx_hal_dma_ex.o
                                                  build/stm32n6xx_hal_usart.o
                                                  build/stm32n6xx_hal_uart.o
HAL_DMAEx_Suspend                                 build/stm32n6xx_hal_dma_ex.o
                                                  build/stm32n6xx_hal_usart.o
                                                  build/stm32n6xx_hal_uart.o
HAL_DMAEx_Suspend_IT                              build/stm32n6xx_hal_dma_ex.o
HAL_DMA_Abort                                     build/stm32n6xx_hal_dma.o
                                                  build/stm32n6xx_hal_xspi.o
                                                  build/stm32n6xx_hal_usart.o
                                                  build/stm32n6xx_hal_uart.o
                                                  build/stm32n6xx_hal_spi.o
HAL_DMA_Abort_IT                                  build/stm32n6xx_hal_dma.o
                                                  build/stm32n6xx_hal_xspi.o
                                                  build/stm32n6xx_hal_usart.o
                                                  build/stm32n6xx_hal_uart.o
                                                  build/stm32n6xx_hal_spi.o
                                                  build/stm32n6xx_hal_i2c.o
HAL_DMA_ConfigChannelAttributes                   build/stm32n6xx_hal_dma.o
HAL_DMA_DeInit                                    build/stm32n6xx_hal_dma.o
HAL_DMA_GetConfigChannelAttributes                build/stm32n6xx_hal_dma.o
HAL_DMA_GetError                                  build/stm32n6xx_hal_dma.o
                                                  build/stm32n6xx_hal_usart.o
                                                  build/stm32n6xx_hal_uart.o
                                                  build/stm32n6xx_hal_spi.o
HAL_DMA_GetIsolationAttributes                    build/stm32n6xx_hal_dma.o
HAL_DMA_GetLockChannelAttributes                  build/stm32n6xx_hal_dma.o
HAL_DMA_GetState                                  build/stm32n6xx_hal_dma.o
                                                  build/stm32n6xx_hal_i2c.o
HAL_DMA_IRQHandler                                build/stm32n6xx_hal_dma.o
HAL_DMA_Init                                      build/stm32n6xx_hal_dma.o
HAL_DMA_PollForTransfer                           build/stm32n6xx_hal_dma.o
HAL_DMA_RegisterCallback                          build/stm32n6xx_hal_dma.o
HAL_DMA_Start                                     build/stm32n6xx_hal_dma.o
HAL_DMA_Start_IT                                  build/stm32n6xx_hal_dma.o
                                                  build/stm32n6xx_hal_xspi.o
                                                  build/stm32n6xx_hal_usart.o
                                                  build/stm32n6xx_hal_uart.o
                                                  build/stm32n6xx_hal_spi.o
                                                  build/stm32n6xx_hal_i2c.o
                                                  build/stm32n6xx_hal_sdram.o
HAL_DMA_UnRegisterCallback                        build/stm32n6xx_hal_dma.o
HAL_DeInit                                        build/stm32n6xx_hal.o
HAL_Delay                                         build/stm32n6xx_hal.o
                                                  build/bsp_bmp585.o
                                                  build/main.o
HAL_EXTI_ClearConfigLine                          build/stm32n6xx_hal_exti.o
HAL_EXTI_ClearPending                             build/stm32n6xx_hal_exti.o
HAL_EXTI_ConfigLineAttributes                     build/stm32n6xx_hal_exti.o
HAL_EXTI_GenerateSWI                              build/stm32n6xx_hal_exti.o
HAL_EXTI_GetConfigLine                            build/stm32n6xx_hal_exti.o
HAL_EXTI_GetConfigLineAttributes                  build/stm32n6xx_hal_exti.o
HAL_EXTI_GetHandle                                build/stm32n6xx_hal_exti.o
HAL_EXTI_GetPending                               build/stm32n6xx_hal_exti.o
HAL_EXTI_IRQHandler                               build/stm32n6xx_hal_exti.o
HAL_EXTI_RegisterCallback                         build/stm32n6xx_hal_exti.o
HAL_EXTI_SetConfigLine                            build/stm32n6xx_hal_exti.o
HAL_FMC_GetBankSwapConfig                         build/stm32n6xx_hal.o
HAL_FMC_SetBankSwapConfig                         build/stm32n6xx_hal.o
HAL_GPIO_ConfigPinAttributes                      build/stm32n6xx_hal_gpio.o
HAL_GPIO_DeInit                                   build/stm32n6xx_hal_gpio.o
HAL_GPIO_EXTI_Falling_Callback                    build/stm32n6xx_hal_gpio.o
HAL_GPIO_EXTI_IRQHandler                          build/stm32n6xx_hal_gpio.o
HAL_GPIO_EXTI_Rising_Callback                     build/stm32n6xx_hal_gpio.o
HAL_GPIO_GetConfigPinAttributes                   build/stm32n6xx_hal_gpio.o
HAL_GPIO_GetDelay                                 build/stm32n6xx_hal_gpio.o
HAL_GPIO_GetRetime                                build/stm32n6xx_hal_gpio.o
HAL_GPIO_Init                                     build/stm32n6xx_hal_gpio.o
                                                  build/gpio_uart.o
                                                  build/main.o
                                                  build/stm32n6xx_hal_rcc.o
HAL_GPIO_LockPin                                  build/stm32n6xx_hal_gpio.o
HAL_GPIO_ReadPin                                  build/stm32n6xx_hal_gpio.o
                                                  build/bsp_sdmmc2.o
                                                  build/bsp_bmp585.o
HAL_GPIO_SetDelay                                 build/stm32n6xx_hal_gpio.o
HAL_GPIO_SetRetime                                build/stm32n6xx_hal_gpio.o
HAL_GPIO_TogglePin                                build/stm32n6xx_hal_gpio.o
                                                  build/main.o
HAL_GPIO_WriteMultipleStatePin                    build/stm32n6xx_hal_gpio.o
HAL_GPIO_WritePin                                 build/stm32n6xx_hal_gpio.o
                                                  build/bsp_bmp585.o
                                                  build/gpio_uart.o
HAL_GetHalVersion                                 build/stm32n6xx_hal.o
HAL_GetREVID                                      build/stm32n6xx_hal.o
HAL_GetTick                                       build/stm32n6xx_hal.o
                                                  build/bsp_bmp585.o
                                                  build/app_npu.o
                                                  build/app_fusion.o
                                                  build/app_control.o
                                                  build/stm32n6xx_ll_fmc.o
                                                  build/stm32n6xx_hal_xspi.o
                                                  build/stm32n6xx_hal_usart.o
                                                  build/stm32n6xx_hal_uart_ex.o
                                                  build/stm32n6xx_hal_uart.o
                                                  build/stm32n6xx_hal_spi.o
                                                  build/stm32n6xx_hal_rcc_ex.o
                                                  build/stm32n6xx_hal_rcc.o
                                                  build/stm32n6xx_hal_pwr_ex.o
                                                  build/stm32n6xx_hal_i2c.o
                                                  build/stm32n6xx_hal_dma_ex.o
                                                  build/stm32n6xx_hal_dma.o
HAL_GetTickFreq                                   build/stm32n6xx_hal.o
HAL_GetTickPrio                                   build/stm32n6xx_hal.o
HAL_GetUIDw0                                      build/stm32n6xx_hal.o
HAL_GetUIDw1                                      build/stm32n6xx_hal.o
HAL_GetUIDw2                                      build/stm32n6xx_hal.o
HAL_HalfDuplex_EnableReceiver                     build/stm32n6xx_hal_uart.o
HAL_HalfDuplex_EnableTransmitter                  build/stm32n6xx_hal_uart.o
HAL_HalfDuplex_Init                               build/stm32n6xx_hal_uart.o
HAL_I2CEx_ConfigAnalogFilter                      build/stm32n6xx_hal_i2c_ex.o
HAL_I2CEx_ConfigDigitalFilter                     build/stm32n6xx_hal_i2c_ex.o
HAL_I2CEx_ConfigFastModePlus                      build/stm32n6xx_hal_i2c_ex.o
HAL_I2CEx_DisableWakeUp                           build/stm32n6xx_hal_i2c_ex.o
HAL_I2CEx_EnableWakeUp                            build/stm32n6xx_hal_i2c_ex.o
HAL_I2C_AbortCpltCallback                         build/stm32n6xx_hal_i2c.o
HAL_I2C_AddrCallback                              build/stm32n6xx_hal_i2c.o
HAL_I2C_DeInit                                    build/stm32n6xx_hal_i2c.o
HAL_I2C_DisableListen_IT                          build/stm32n6xx_hal_i2c.o
HAL_I2C_ER_IRQHandler                             build/stm32n6xx_hal_i2c.o
HAL_I2C_EV_IRQHandler                             build/stm32n6xx_hal_i2c.o
HAL_I2C_EnableListen_IT                           build/stm32n6xx_hal_i2c.o
HAL_I2C_ErrorCallback                             build/stm32n6xx_hal_i2c.o
HAL_I2C_GetError                                  build/stm32n6xx_hal_i2c.o
HAL_I2C_GetMode                                   build/stm32n6xx_hal_i2c.o
HAL_I2C_GetState                                  build/stm32n6xx_hal_i2c.o
HAL_I2C_Init                                      build/stm32n6xx_hal_i2c.o
HAL_I2C_IsDeviceReady                             build/stm32n6xx_hal_i2c.o
HAL_I2C_ListenCpltCallback                        build/stm32n6xx_hal_i2c.o
HAL_I2C_MasterRxCpltCallback                      build/stm32n6xx_hal_i2c.o
HAL_I2C_MasterTxCpltCallback                      build/stm32n6xx_hal_i2c.o
HAL_I2C_Master_Abort_IT                           build/stm32n6xx_hal_i2c.o
HAL_I2C_Master_Receive                            build/stm32n6xx_hal_i2c.o
HAL_I2C_Master_Receive_DMA                        build/stm32n6xx_hal_i2c.o
HAL_I2C_Master_Receive_IT                         build/stm32n6xx_hal_i2c.o
HAL_I2C_Master_Seq_Receive_DMA                    build/stm32n6xx_hal_i2c.o
HAL_I2C_Master_Seq_Receive_IT                     build/stm32n6xx_hal_i2c.o
HAL_I2C_Master_Seq_Transmit_DMA                   build/stm32n6xx_hal_i2c.o
HAL_I2C_Master_Seq_Transmit_IT                    build/stm32n6xx_hal_i2c.o
HAL_I2C_Master_Transmit                           build/stm32n6xx_hal_i2c.o
HAL_I2C_Master_Transmit_DMA                       build/stm32n6xx_hal_i2c.o
HAL_I2C_Master_Transmit_IT                        build/stm32n6xx_hal_i2c.o
HAL_I2C_MemRxCpltCallback                         build/stm32n6xx_hal_i2c.o
HAL_I2C_MemTxCpltCallback                         build/stm32n6xx_hal_i2c.o
HAL_I2C_Mem_Read                                  build/stm32n6xx_hal_i2c.o
HAL_I2C_Mem_Read_DMA                              build/stm32n6xx_hal_i2c.o
HAL_I2C_Mem_Read_IT                               build/stm32n6xx_hal_i2c.o
HAL_I2C_Mem_Write                                 build/stm32n6xx_hal_i2c.o
HAL_I2C_Mem_Write_DMA                             build/stm32n6xx_hal_i2c.o
HAL_I2C_Mem_Write_IT                              build/stm32n6xx_hal_i2c.o
HAL_I2C_MspDeInit                                 build/stm32n6xx_hal_i2c.o
HAL_I2C_MspInit                                   build/stm32n6xx_hal_i2c.o
HAL_I2C_SlaveRxCpltCallback                       build/stm32n6xx_hal_i2c.o
HAL_I2C_SlaveTxCpltCallback                       build/stm32n6xx_hal_i2c.o
HAL_I2C_Slave_Receive                             build/stm32n6xx_hal_i2c.o
HAL_I2C_Slave_Receive_DMA                         build/stm32n6xx_hal_i2c.o
HAL_I2C_Slave_Receive_IT                          build/stm32n6xx_hal_i2c.o
HAL_I2C_Slave_Seq_Receive_DMA                     build/stm32n6xx_hal_i2c.o
HAL_I2C_Slave_Seq_Receive_IT                      build/stm32n6xx_hal_i2c.o
HAL_I2C_Slave_Seq_Transmit_DMA                    build/stm32n6xx_hal_i2c.o
HAL_I2C_Slave_Seq_Transmit_IT                     build/stm32n6xx_hal_i2c.o
HAL_I2C_Slave_Transmit                            build/stm32n6xx_hal_i2c.o
HAL_I2C_Slave_Transmit_DMA                        build/stm32n6xx_hal_i2c.o
HAL_I2C_Slave_Transmit_IT                         build/stm32n6xx_hal_i2c.o
HAL_IncTick                                       build/stm32n6xx_hal.o
                                                  build/main.o
HAL_Init                                          build/stm32n6xx_hal.o
                                                  build/main.o
HAL_InitTick                                      build/stm32n6xx_hal.o
                                                  build/stm32n6xx_hal_rcc.o
HAL_LIN_Init                                      build/stm32n6xx_hal_uart.o
HAL_LIN_SendBreak                                 build/stm32n6xx_hal_uart.o
HAL_MPU_ConfigMemoryAttributes                    build/stm32n6xx_hal_cortex.o
HAL_MPU_ConfigRegion                              build/stm32n6xx_hal_cortex.o
HAL_MPU_Disable                                   build/stm32n6xx_hal_cortex.o
HAL_MPU_DisableRegion                             build/stm32n6xx_hal_cortex.o
HAL_MPU_Enable                                    build/stm32n6xx_hal_cortex.o
HAL_MPU_EnableRegion                              build/stm32n6xx_hal_cortex.o
HAL_MspDeInit                                     build/stm32n6xx_hal.o
HAL_MspInit                                       build/stm32n6xx_hal.o
HAL_MultiProcessorEx_AddressLength_Set            build/stm32n6xx_hal_uart_ex.o
HAL_MultiProcessor_DisableMuteMode                build/stm32n6xx_hal_uart.o
HAL_MultiProcessor_EnableMuteMode                 build/stm32n6xx_hal_uart.o
HAL_MultiProcessor_EnterMuteMode                  build/stm32n6xx_hal_uart.o
HAL_MultiProcessor_Init                           build/stm32n6xx_hal_uart.o
HAL_NVIC_ClearPendingIRQ                          build/stm32n6xx_hal_cortex.o
HAL_NVIC_DisableIRQ                               build/stm32n6xx_hal_cortex.o
HAL_NVIC_EnableIRQ                                build/stm32n6xx_hal_cortex.o
HAL_NVIC_GetActive                                build/stm32n6xx_hal_cortex.o
HAL_NVIC_GetPendingIRQ                            build/stm32n6xx_hal_cortex.o
HAL_NVIC_GetPriority                              build/stm32n6xx_hal_cortex.o
HAL_NVIC_GetPriorityGrouping                      build/stm32n6xx_hal_cortex.o
HAL_NVIC_SetPendingIRQ                            build/stm32n6xx_hal_cortex.o
HAL_NVIC_SetPriority                              build/stm32n6xx_hal_cortex.o
                                                  build/stm32n6xx_hal.o
HAL_NVIC_SetPriorityGrouping                      build/stm32n6xx_hal_cortex.o
                                                  build/stm32n6xx_hal.o
HAL_NVIC_SystemReset                              build/stm32n6xx_hal_cortex.o
HAL_PWREx_ADCVM_Falling_Callback                  build/stm32n6xx_hal_pwr_ex.o
HAL_PWREx_ADCVM_Rising_Callback                   build/stm32n6xx_hal_pwr_ex.o
HAL_PWREx_ConfigPVM                               build/stm32n6xx_hal_pwr_ex.o
HAL_PWREx_ConfigSupply                            build/stm32n6xx_hal_pwr_ex.o
HAL_PWREx_ConfigVDDCOREVM                         build/stm32n6xx_hal_pwr_ex.o
HAL_PWREx_ConfigVddIORange                        build/stm32n6xx_hal_pwr_ex.o
HAL_PWREx_ControlStopModeVoltageScaling           build/stm32n6xx_hal_pwr_ex.o
HAL_PWREx_ControlVoltageScaling                   build/stm32n6xx_hal_pwr_ex.o
HAL_PWREx_DisableBkupRAMRetention                 build/stm32n6xx_hal_pwr_ex.o
HAL_PWREx_DisableMonitoring                       build/stm32n6xx_hal_pwr_ex.o
HAL_PWREx_DisablePullDownOutput                   build/stm32n6xx_hal_pwr_ex.o
HAL_PWREx_DisableSMPSPWM                          build/stm32n6xx_hal_pwr_ex.o
HAL_PWREx_DisableTCMFLXRetention                  build/stm32n6xx_hal_pwr_ex.o
HAL_PWREx_DisableTCMRetention                     build/stm32n6xx_hal_pwr_ex.o
HAL_PWREx_DisableVDDCOREMonitoring                build/stm32n6xx_hal_pwr_ex.o
HAL_PWREx_DisableVddA                             build/stm32n6xx_hal_pwr_ex.o
HAL_PWREx_DisableVddAVMEN                         build/stm32n6xx_hal_pwr_ex.o
HAL_PWREx_DisableVddIO2                           build/stm32n6xx_hal_pwr_ex.o
HAL_PWREx_DisableVddIO2VMEN                       build/stm32n6xx_hal_pwr_ex.o
HAL_PWREx_DisableVddIO3                           build/stm32n6xx_hal_pwr_ex.o
HAL_PWREx_DisableVddIO3VMEN                       build/stm32n6xx_hal_pwr_ex.o
HAL_PWREx_DisableVddIO4                           build/stm32n6xx_hal_pwr_ex.o
HAL_PWREx_DisableVddIO4RangeSTBY                  build/stm32n6xx_hal_pwr_ex.o
HAL_PWREx_DisableVddIO4VMEN                       build/stm32n6xx_hal_pwr_ex.o
HAL_PWREx_DisableVddIO5                           build/stm32n6xx_hal_pwr_ex.o
HAL_PWREx_DisableVddIO5RangeSTBY                  build/stm32n6xx_hal_pwr_ex.o
HAL_PWREx_DisableVddIO5VMEN                       build/stm32n6xx_hal_pwr_ex.o
HAL_PWREx_DisableVddUSB                           build/stm32n6xx_hal_pwr_ex.o
HAL_PWREx_DisableVddUSBVMEN                       build/stm32n6xx_hal_pwr_ex.o
HAL_PWREx_EnableBkupRAMRetention                  build/stm32n6xx_hal_pwr_ex.o
HAL_PWREx_EnableMonitoring                        build/stm32n6xx_hal_pwr_ex.o
HAL_PWREx_EnablePullDownOutput                    build/stm32n6xx_hal_pwr_ex.o
HAL_PWREx_EnableSMPSPWM                           build/stm32n6xx_hal_pwr_ex.o
HAL_PWREx_EnableTCMFLXRetention                   build/stm32n6xx_hal_pwr_ex.o
HAL_PWREx_EnableTCMRetention                      build/stm32n6xx_hal_pwr_ex.o
HAL_PWREx_EnableVDDCOREMonitoring                 build/stm32n6xx_hal_pwr_ex.o
HAL_PWREx_EnableVddA                              build/stm32n6xx_hal_pwr_ex.o
HAL_PWREx_EnableVddAVMEN                          build/stm32n6xx_hal_pwr_ex.o
HAL_PWREx_EnableVddIO2                            build/stm32n6xx_hal_pwr_ex.o
HAL_PWREx_EnableVddIO2VMEN                        build/stm32n6xx_hal_pwr_ex.o
HAL_PWREx_EnableVddIO3                            build/stm32n6xx_hal_pwr_ex.o
HAL_PWREx_EnableVddIO3VMEN                        build/stm32n6xx_hal_pwr_ex.o
HAL_PWREx_EnableVddIO4                            build/stm32n6xx_hal_pwr_ex.o
HAL_PWREx_EnableVddIO4RangeSTBY                   build/stm32n6xx_hal_pwr_ex.o
HAL_PWREx_EnableVddIO4VMEN                        build/stm32n6xx_hal_pwr_ex.o
HAL_PWREx_EnableVddIO5                            build/stm32n6xx_hal_pwr_ex.o
HAL_PWREx_EnableVddIO5RangeSTBY                   build/stm32n6xx_hal_pwr_ex.o
HAL_PWREx_EnableVddIO5VMEN                        build/stm32n6xx_hal_pwr_ex.o
HAL_PWREx_EnableVddUSB                            build/stm32n6xx_hal_pwr_ex.o
HAL_PWREx_EnableVddUSBVMEN                        build/stm32n6xx_hal_pwr_ex.o
HAL_PWREx_EnableWakeUpPin                         build/stm32n6xx_hal_pwr_ex.o
HAL_PWREx_GetPulseLow                             build/stm32n6xx_hal_pwr_ex.o
HAL_PWREx_GetStopModeVoltageRange                 build/stm32n6xx_hal_pwr_ex.o
HAL_PWREx_GetSupplyConfig                         build/stm32n6xx_hal_pwr_ex.o
HAL_PWREx_GetTemperatureLevel                     build/stm32n6xx_hal_pwr_ex.o
HAL_PWREx_GetVBATLevel                            build/stm32n6xx_hal_pwr_ex.o
HAL_PWREx_GetVDDCORELevel                         build/stm32n6xx_hal_pwr_ex.o
HAL_PWREx_GetVddIORange                           build/stm32n6xx_hal_pwr_ex.o
HAL_PWREx_GetVoltageRange                         build/stm32n6xx_hal_pwr_ex.o
HAL_PWREx_IO2VM_Falling_Callback                  build/stm32n6xx_hal_pwr_ex.o
HAL_PWREx_IO2VM_Rising_Callback                   build/stm32n6xx_hal_pwr_ex.o
HAL_PWREx_IO3VM_Falling_Callback                  build/stm32n6xx_hal_pwr_ex.o
HAL_PWREx_IO3VM_Rising_Callback                   build/stm32n6xx_hal_pwr_ex.o
HAL_PWREx_IO4VM_Falling_Callback                  build/stm32n6xx_hal_pwr_ex.o
HAL_PWREx_IO4VM_Rising_Callback                   build/stm32n6xx_hal_pwr_ex.o
HAL_PWREx_IO5VM_Falling_Callback                  build/stm32n6xx_hal_pwr_ex.o
HAL_PWREx_IO5VM_Rising_Callback                   build/stm32n6xx_hal_pwr_ex.o
HAL_PWREx_PVD_PVM_IRQHandler                      build/stm32n6xx_hal_pwr_ex.o
HAL_PWREx_SetPulseLow                             build/stm32n6xx_hal_pwr_ex.o
HAL_PWREx_USBVM_Falling_Callback                  build/stm32n6xx_hal_pwr_ex.o
HAL_PWREx_USBVM_Rising_Callback                   build/stm32n6xx_hal_pwr_ex.o
HAL_PWREx_VDDCORE_Falling_Callback                build/stm32n6xx_hal_pwr_ex.o
HAL_PWREx_VDDCORE_Rising_Callback                 build/stm32n6xx_hal_pwr_ex.o
HAL_PWR_ClearWakeupFlag                           build/stm32n6xx_hal_pwr.o
HAL_PWR_ConfigAttributes                          build/stm32n6xx_hal_pwr.o
HAL_PWR_ConfigPVD                                 build/stm32n6xx_hal_pwr.o
HAL_PWR_DeInit                                    build/stm32n6xx_hal_pwr.o
HAL_PWR_DisableBkUpAccess                         build/stm32n6xx_hal_pwr.o
HAL_PWR_DisablePVD                                build/stm32n6xx_hal_pwr.o
HAL_PWR_DisableSEVOnPend                          build/stm32n6xx_hal_pwr.o
HAL_PWR_DisableSleepOnExit                        build/stm32n6xx_hal_pwr.o
HAL_PWR_DisableWakeUpPin                          build/stm32n6xx_hal_pwr.o
HAL_PWR_EnableBkUpAccess                          build/stm32n6xx_hal_pwr.o
HAL_PWR_EnablePVD                                 build/stm32n6xx_hal_pwr.o
HAL_PWR_EnableSEVOnPend                           build/stm32n6xx_hal_pwr.o
HAL_PWR_EnableSleepOnExit                         build/stm32n6xx_hal_pwr.o
HAL_PWR_EnableWakeUpPin                           build/stm32n6xx_hal_pwr.o
HAL_PWR_EnterSLEEPMode                            build/stm32n6xx_hal_pwr.o
HAL_PWR_EnterSTANDBYMode                          build/stm32n6xx_hal_pwr.o
HAL_PWR_EnterSTOPMode                             build/stm32n6xx_hal_pwr.o
HAL_PWR_GetConfigAttributes                       build/stm32n6xx_hal_pwr.o
HAL_PWR_GetWakeupFlag                             build/stm32n6xx_hal_pwr.o
HAL_PWR_PVD_Falling_Callback                      build/stm32n6xx_hal_pwr.o
                                                  build/stm32n6xx_hal_pwr_ex.o
HAL_PWR_PVD_Rising_Callback                       build/stm32n6xx_hal_pwr.o
                                                  build/stm32n6xx_hal_pwr_ex.o
HAL_PWR_WAKEUP_PIN_IRQHandler                     build/stm32n6xx_hal_pwr.o
HAL_PWR_WKUP1_Callback                            build/stm32n6xx_hal_pwr.o
HAL_PWR_WKUP2_Callback                            build/stm32n6xx_hal_pwr.o
HAL_PWR_WKUP3_Callback                            build/stm32n6xx_hal_pwr.o
HAL_PWR_WKUP4_Callback                            build/stm32n6xx_hal_pwr.o
HAL_RCCEx_DisableLSECSS                           build/stm32n6xx_hal_rcc_ex.o
HAL_RCCEx_DisableLSECSS_IT                        build/stm32n6xx_hal_rcc_ex.o
HAL_RCCEx_EnableLSECSS                            build/stm32n6xx_hal_rcc_ex.o
HAL_RCCEx_EnableLSECSS_IT                         build/stm32n6xx_hal_rcc_ex.o
HAL_RCCEx_GetPLL1CLKFreq                          build/stm32n6xx_hal_rcc_ex.o
                                                  build/stm32n6xx_hal_rcc.o
HAL_RCCEx_GetPLL2CLKFreq                          build/stm32n6xx_hal_rcc_ex.o
                                                  build/stm32n6xx_hal_rcc.o
HAL_RCCEx_GetPLL3CLKFreq                          build/stm32n6xx_hal_rcc_ex.o
                                                  build/stm32n6xx_hal_rcc.o
HAL_RCCEx_GetPLL4CLKFreq                          build/stm32n6xx_hal_rcc_ex.o
                                                  build/stm32n6xx_hal_rcc.o
HAL_RCCEx_GetPeriphCLKConfig                      build/stm32n6xx_hal_rcc_ex.o
HAL_RCCEx_GetPeriphCLKFreq                        build/stm32n6xx_hal_rcc_ex.o
                                                  build/bsp_sdmmc2.o
                                                  build/stm32n6xx_hal_usart.o
                                                  build/stm32n6xx_hal_uart.o
HAL_RCCEx_GetTIMGFreq                             build/stm32n6xx_hal_rcc_ex.o
HAL_RCCEx_LSECSS_Callback                         build/stm32n6xx_hal_rcc_ex.o
HAL_RCCEx_LSECSS_IRQHandler                       build/stm32n6xx_hal_rcc_ex.o
HAL_RCCEx_PLLSSCGConfig                           build/stm32n6xx_hal_rcc_ex.o
HAL_RCCEx_PeriphCLKConfig                         build/stm32n6xx_hal_rcc_ex.o
HAL_RCCEx_ReArmLSECSS                             build/stm32n6xx_hal_rcc_ex.o
HAL_RCCEx_WakeUpStopCLKConfig                     build/stm32n6xx_hal_rcc_ex.o
HAL_RCC_CSSCallback                               build/stm32n6xx_hal_rcc.o
HAL_RCC_ClockConfig                               build/stm32n6xx_hal_rcc.o
HAL_RCC_ConfigAttributes                          build/stm32n6xx_hal_rcc.o
HAL_RCC_DeInit                                    build/stm32n6xx_hal_rcc.o
HAL_RCC_EnableCSS                                 build/stm32n6xx_hal_rcc.o
HAL_RCC_GetClockConfig                            build/stm32n6xx_hal_rcc.o
HAL_RCC_GetConfigAttributes                       build/stm32n6xx_hal_rcc.o
HAL_RCC_GetCpuClockFreq                           build/stm32n6xx_hal_rcc.o
HAL_RCC_GetHCLKFreq                               build/stm32n6xx_hal_rcc.o
HAL_RCC_GetNPUClockFreq                           build/stm32n6xx_hal_rcc.o
HAL_RCC_GetNPURAMSClockFreq                       build/stm32n6xx_hal_rcc.o
HAL_RCC_GetOscConfig                              build/stm32n6xx_hal_rcc.o
HAL_RCC_GetPCLK1Freq                              build/stm32n6xx_hal_rcc.o
HAL_RCC_GetPCLK2Freq                              build/stm32n6xx_hal_rcc.o
HAL_RCC_GetPCLK4Freq                              build/stm32n6xx_hal_rcc.o
HAL_RCC_GetPCLK5Freq                              build/stm32n6xx_hal_rcc.o
HAL_RCC_GetSysClockFreq                           build/stm32n6xx_hal_rcc.o
                                                  build/stm32n6xx_hal_rcc_ex.o
HAL_RCC_MCOConfig                                 build/stm32n6xx_hal_rcc.o
HAL_RCC_NMI_IRQHandler                            build/stm32n6xx_hal_rcc.o
HAL_RCC_OscConfig                                 build/stm32n6xx_hal_rcc.o
HAL_RS485Ex_Init                                  build/stm32n6xx_hal_uart_ex.o
HAL_ResumeTick                                    build/stm32n6xx_hal.o
HAL_SDRAM_DMA_XferCpltCallback                    build/stm32n6xx_hal_sdram.o
HAL_SDRAM_DMA_XferErrorCallback                   build/stm32n6xx_hal_sdram.o
HAL_SDRAM_DeInit                                  build/stm32n6xx_hal_sdram.o
HAL_SDRAM_GetModeStatus                           build/stm32n6xx_hal_sdram.o
HAL_SDRAM_GetState                                build/stm32n6xx_hal_sdram.o
HAL_SDRAM_IRQHandler                              build/stm32n6xx_hal_sdram.o
HAL_SDRAM_Init                                    build/stm32n6xx_hal_sdram.o
HAL_SDRAM_MspDeInit                               build/stm32n6xx_hal_sdram.o
HAL_SDRAM_MspInit                                 build/stm32n6xx_hal_sdram.o
HAL_SDRAM_ProgramRefreshRate                      build/stm32n6xx_hal_sdram.o
HAL_SDRAM_Read_16b                                build/stm32n6xx_hal_sdram.o
HAL_SDRAM_Read_32b                                build/stm32n6xx_hal_sdram.o
HAL_SDRAM_Read_8b                                 build/stm32n6xx_hal_sdram.o
HAL_SDRAM_Read_DMA                                build/stm32n6xx_hal_sdram.o
HAL_SDRAM_RefreshErrorCallback                    build/stm32n6xx_hal_sdram.o
HAL_SDRAM_SendCommand                             build/stm32n6xx_hal_sdram.o
HAL_SDRAM_SetAutoRefreshNumber                    build/stm32n6xx_hal_sdram.o
HAL_SDRAM_WriteProtection_Disable                 build/stm32n6xx_hal_sdram.o
HAL_SDRAM_WriteProtection_Enable                  build/stm32n6xx_hal_sdram.o
HAL_SDRAM_Write_16b                               build/stm32n6xx_hal_sdram.o
HAL_SDRAM_Write_32b                               build/stm32n6xx_hal_sdram.o
HAL_SDRAM_Write_8b                                build/stm32n6xx_hal_sdram.o
HAL_SDRAM_Write_DMA                               build/stm32n6xx_hal_sdram.o
HAL_SD_ConfigWideBusOperation                     build/bsp_sdmmc2.o
HAL_SD_DeInit                                     build/bsp_sdmmc2.o
HAL_SD_GetCardInfo                                build/bsp_sdmmc2.o
HAL_SD_GetCardState                               build/bsp_sdmmc2.o
HAL_SD_Init                                       build/bsp_sdmmc2.o
HAL_SD_ReadBlocks                                 build/bsp_sdmmc2.o
HAL_SD_WriteBlocks                                build/bsp_sdmmc2.o
HAL_SPIEx_ConfigureUnderrun                       build/stm32n6xx_hal_spi_ex.o
HAL_SPIEx_EnableLockConfiguration                 build/stm32n6xx_hal_spi_ex.o
HAL_SPIEx_FlushRxFifo                             build/stm32n6xx_hal_spi_ex.o
HAL_SPI_Abort                                     build/stm32n6xx_hal_spi.o
HAL_SPI_AbortCpltCallback                         build/stm32n6xx_hal_spi.o
HAL_SPI_Abort_IT                                  build/stm32n6xx_hal_spi.o
HAL_SPI_DMAPause                                  build/stm32n6xx_hal_spi.o
HAL_SPI_DMAResume                                 build/stm32n6xx_hal_spi.o
HAL_SPI_DMAStop                                   build/stm32n6xx_hal_spi.o
HAL_SPI_DeInit                                    build/stm32n6xx_hal_spi.o
HAL_SPI_ErrorCallback                             build/stm32n6xx_hal_spi.o
HAL_SPI_GetError                                  build/stm32n6xx_hal_spi.o
HAL_SPI_GetState                                  build/stm32n6xx_hal_spi.o
HAL_SPI_IRQHandler                                build/stm32n6xx_hal_spi.o
HAL_SPI_Init                                      build/stm32n6xx_hal_spi.o
                                                  build/bsp_bmp585.o
HAL_SPI_MspDeInit                                 build/stm32n6xx_hal_spi.o
HAL_SPI_MspInit                                   build/stm32n6xx_hal_spi.o
HAL_SPI_Receive                                   build/stm32n6xx_hal_spi.o
HAL_SPI_Receive_DMA                               build/stm32n6xx_hal_spi.o
HAL_SPI_Receive_IT                                build/stm32n6xx_hal_spi.o
HAL_SPI_RxCpltCallback                            build/stm32n6xx_hal_spi.o
HAL_SPI_RxHalfCpltCallback                        build/stm32n6xx_hal_spi.o
HAL_SPI_SuspendCallback                           build/stm32n6xx_hal_spi.o
HAL_SPI_Transmit                                  build/stm32n6xx_hal_spi.o
HAL_SPI_TransmitReceive                           build/stm32n6xx_hal_spi.o
                                                  build/bsp_bmp585.o
HAL_SPI_TransmitReceive_DMA                       build/stm32n6xx_hal_spi.o
HAL_SPI_TransmitReceive_IT                        build/stm32n6xx_hal_spi.o
HAL_SPI_Transmit_DMA                              build/stm32n6xx_hal_spi.o
HAL_SPI_Transmit_IT                               build/stm32n6xx_hal_spi.o
HAL_SPI_TxCpltCallback                            build/stm32n6xx_hal_spi.o
HAL_SPI_TxHalfCpltCallback                        build/stm32n6xx_hal_spi.o
HAL_SPI_TxRxCpltCallback                          build/stm32n6xx_hal_spi.o
HAL_SPI_TxRxHalfCpltCallback                      build/stm32n6xx_hal_spi.o
HAL_SYSCFG_ConfigTimerBreakInput                  build/stm32n6xx_hal.o
HAL_SYSCFG_ConfigVDDCompensationCell              build/stm32n6xx_hal.o
HAL_SYSCFG_ConfigVDDIOCompensationCell            build/stm32n6xx_hal.o
HAL_SYSCFG_DisableCRYPPotentialTamper             build/stm32n6xx_hal.o
HAL_SYSCFG_DisableCacheExternalMargin             build/stm32n6xx_hal.o
HAL_SYSCFG_DisableDTCMWaiteState                  build/stm32n6xx_hal.o
HAL_SYSCFG_DisableITCMWaiteState                  build/stm32n6xx_hal.o
HAL_SYSCFG_DisableInterleavingCpuRam              build/stm32n6xx_hal.o
HAL_SYSCFG_DisableLockupGenerateNMI               build/stm32n6xx_hal.o
HAL_SYSCFG_DisableLockupWarmResetonRCC            build/stm32n6xx_hal.o
HAL_SYSCFG_DisablePowerOnReset                    build/stm32n6xx_hal.o
HAL_SYSCFG_DisablePullDown                        build/stm32n6xx_hal.o
HAL_SYSCFG_DisableReTimingRXpath                  build/stm32n6xx_hal.o
HAL_SYSCFG_DisableReTimingTXpath                  build/stm32n6xx_hal.o
HAL_SYSCFG_DisableSDMMCEarlyWRRSP                 build/stm32n6xx_hal.o
HAL_SYSCFG_DisableTCMExternalMargin               build/stm32n6xx_hal.o
HAL_SYSCFG_DisableUSBEarlyEarlyWRRESP             build/stm32n6xx_hal.o
HAL_SYSCFG_DisableVDDCompensationCell             build/stm32n6xx_hal.o
HAL_SYSCFG_DisableVDDIO2CompensationCell          build/stm32n6xx_hal.o
HAL_SYSCFG_DisableVDDIO3CompensationCell          build/stm32n6xx_hal.o
HAL_SYSCFG_DisableVDDIO4CompensationCell          build/stm32n6xx_hal.o
HAL_SYSCFG_DisableVDDIO5CompensationCell          build/stm32n6xx_hal.o
HAL_SYSCFG_DisableVENCRAMReserved                 build/stm32n6xx_hal.o
HAL_SYSCFG_DisablexPUClockGating                  build/stm32n6xx_hal.o
HAL_SYSCFG_EnableCRYPPotentialTamper              build/stm32n6xx_hal.o
HAL_SYSCFG_EnableCacheExternalMargin              build/stm32n6xx_hal.o
HAL_SYSCFG_EnableDTCMWaiteState                   build/stm32n6xx_hal.o
HAL_SYSCFG_EnableITCMWaiteState                   build/stm32n6xx_hal.o
HAL_SYSCFG_EnableInterleavingCpuRam               build/stm32n6xx_hal.o
HAL_SYSCFG_EnableLockupGenerateNMI                build/stm32n6xx_hal.o
HAL_SYSCFG_EnableLockupWarmResetonRCC             build/stm32n6xx_hal.o
HAL_SYSCFG_EnablePowerOnReset                     build/stm32n6xx_hal.o
HAL_SYSCFG_EnablePullDown                         build/stm32n6xx_hal.o
HAL_SYSCFG_EnableReTimingRXpath                   build/stm32n6xx_hal.o
HAL_SYSCFG_EnableReTimingTXpath                   build/stm32n6xx_hal.o
HAL_SYSCFG_EnableSDMMCEarlyWRRESP                 build/stm32n6xx_hal.o
HAL_SYSCFG_EnableTCMExternalMargin                build/stm32n6xx_hal.o
HAL_SYSCFG_EnableUSBEarlyEarlyWRRESP              build/stm32n6xx_hal.o
HAL_SYSCFG_EnableVDDCompensationCell              build/stm32n6xx_hal.o
HAL_SYSCFG_EnableVDDIO2CompensationCell           build/stm32n6xx_hal.o
HAL_SYSCFG_EnableVDDIO3CompensationCell           build/stm32n6xx_hal.o
HAL_SYSCFG_EnableVDDIO4CompensationCell           build/stm32n6xx_hal.o
HAL_SYSCFG_EnableVDDIO5CompensationCell           build/stm32n6xx_hal.o
HAL_SYSCFG_EnableVENCRAMReserved                  build/stm32n6xx_hal.o
HAL_SYSCFG_EnablexPUClockGating                   build/stm32n6xx_hal.o
HAL_SYSCFG_GetAddressWritePostingBuffer           build/stm32n6xx_hal.o
HAL_SYSCFG_GetBootPinConnection                   build/stm32n6xx_hal.o
HAL_SYSCFG_GetCacheBiasingLevel                   build/stm32n6xx_hal.o
HAL_SYSCFG_GetCacheRWMarginInput                  build/stm32n6xx_hal.o
HAL_SYSCFG_GetCompVDDIO2CellReadyStatus           build/stm32n6xx_hal.o
HAL_SYSCFG_GetCompVDDIO3CellReadyStatus           build/stm32n6xx_hal.o
HAL_SYSCFG_GetCompVDDIO4CellReadyStatus           build/stm32n6xx_hal.o
HAL_SYSCFG_GetCompVDDIO5CellReadyStatus           build/stm32n6xx_hal.o
HAL_SYSCFG_GetCompensationVDDCellReadyStatus      build/stm32n6xx_hal.o
HAL_SYSCFG_GetDelayOnFeedbackClock                build/stm32n6xx_hal.o
HAL_SYSCFG_GetLock                                build/stm32n6xx_hal.o
HAL_SYSCFG_GetLockWriteAccess                     build/stm32n6xx_hal.o
HAL_SYSCFG_GetNSVTORAddress                       build/stm32n6xx_hal.o
HAL_SYSCFG_GetPerceivedCID                        build/stm32n6xx_hal.o
HAL_SYSCFG_GetPerceivedPrivCID                    build/stm32n6xx_hal.o
HAL_SYSCFG_GetReadQosCPUSS                        build/stm32n6xx_hal.o
HAL_SYSCFG_GetReadQosNP1                          build/stm32n6xx_hal.o
HAL_SYSCFG_GetReadQosNP2                          build/stm32n6xx_hal.o
HAL_SYSCFG_GetSVTORAddress                        build/stm32n6xx_hal.o
HAL_SYSCFG_GetTCMBiasingLevel                     build/stm32n6xx_hal.o
HAL_SYSCFG_GetTCMRWMarginInput                    build/stm32n6xx_hal.o
HAL_SYSCFG_GetTCMSize                             build/stm32n6xx_hal.o
HAL_SYSCFG_GetTimerBreakInputConfig               build/stm32n6xx_hal.o
HAL_SYSCFG_GetVDDCompensationCell                 build/stm32n6xx_hal.o
HAL_SYSCFG_GetVDDIOCompensationCell               build/stm32n6xx_hal.o
HAL_SYSCFG_GetWriteQosNP1                         build/stm32n6xx_hal.o
HAL_SYSCFG_GetWriteQosNP2                         build/stm32n6xx_hal.o
HAL_SYSCFG_GetwriteQosCPUSS                       build/stm32n6xx_hal.o
HAL_SYSCFG_Lock                                   build/stm32n6xx_hal.o
HAL_SYSCFG_LockWriteAccess                        build/stm32n6xx_hal.o
HAL_SYSCFG_ReEnableWritePostingErrorCapture       build/stm32n6xx_hal.o
HAL_SYSCFG_SetCacheBiasingLevel                   build/stm32n6xx_hal.o
HAL_SYSCFG_SetCacheRWMarginInput                  build/stm32n6xx_hal.o
HAL_SYSCFG_SetDelayOnFeedbackClock                build/stm32n6xx_hal.o
HAL_SYSCFG_SetNSVTORAddress                       build/stm32n6xx_hal.o
HAL_SYSCFG_SetPerceivedCID                        build/stm32n6xx_hal.o
HAL_SYSCFG_SetPerceivedPrivCID                    build/stm32n6xx_hal.o
HAL_SYSCFG_SetReadQosCPUSS                        build/stm32n6xx_hal.o
HAL_SYSCFG_SetReadQosNP1                          build/stm32n6xx_hal.o
HAL_SYSCFG_SetReadQosNP2                          build/stm32n6xx_hal.o
HAL_SYSCFG_SetSVTORAddress                        build/stm32n6xx_hal.o
HAL_SYSCFG_SetTCMBiasingLevel                     build/stm32n6xx_hal.o
HAL_SYSCFG_SetTCMRWMarginInput                    build/stm32n6xx_hal.o
HAL_SYSCFG_SetTCMSize                             build/stm32n6xx_hal.o
HAL_SYSCFG_SetWriteQosCPUSS                       build/stm32n6xx_hal.o
HAL_SYSCFG_SetWriteQosNP1                         build/stm32n6xx_hal.o
HAL_SYSCFG_SetWriteQosNP2                         build/stm32n6xx_hal.o
HAL_SYSTICK_CLKSourceConfig                       build/stm32n6xx_hal_cortex.o
HAL_SYSTICK_Callback                              build/stm32n6xx_hal_cortex.o
HAL_SYSTICK_Config                                build/stm32n6xx_hal_cortex.o
                                                  build/stm32n6xx_hal.o
HAL_SYSTICK_IRQHandler                            build/stm32n6xx_hal_cortex.o
HAL_SetTickFreq                                   build/stm32n6xx_hal.o
HAL_SuspendTick                                   build/stm32n6xx_hal.o
HAL_UARTEx_DisableFifoMode                        build/stm32n6xx_hal_uart_ex.o
HAL_UARTEx_DisableStopMode                        build/stm32n6xx_hal_uart_ex.o
HAL_UARTEx_EnableFifoMode                         build/stm32n6xx_hal_uart_ex.o
HAL_UARTEx_EnableStopMode                         build/stm32n6xx_hal_uart_ex.o
HAL_UARTEx_GetRxEventType                         build/stm32n6xx_hal_uart_ex.o
HAL_UARTEx_ReceiveToIdle                          build/stm32n6xx_hal_uart_ex.o
HAL_UARTEx_ReceiveToIdle_DMA                      build/stm32n6xx_hal_uart_ex.o
HAL_UARTEx_ReceiveToIdle_IT                       build/stm32n6xx_hal_uart_ex.o
HAL_UARTEx_RxEventCallback                        build/stm32n6xx_hal_uart.o
HAL_UARTEx_RxFifoFullCallback                     build/stm32n6xx_hal_uart_ex.o
                                                  build/stm32n6xx_hal_uart.o
HAL_UARTEx_SetRxFifoThreshold                     build/stm32n6xx_hal_uart_ex.o
HAL_UARTEx_SetTxFifoThreshold                     build/stm32n6xx_hal_uart_ex.o
HAL_UARTEx_StopModeWakeUpSourceConfig             build/stm32n6xx_hal_uart_ex.o
HAL_UARTEx_TxFifoEmptyCallback                    build/stm32n6xx_hal_uart_ex.o
                                                  build/stm32n6xx_hal_uart.o
HAL_UARTEx_WakeupCallback                         build/stm32n6xx_hal_uart_ex.o
                                                  build/stm32n6xx_hal_uart.o
HAL_UART_Abort                                    build/stm32n6xx_hal_uart.o
HAL_UART_AbortCpltCallback                        build/stm32n6xx_hal_uart.o
HAL_UART_AbortReceive                             build/stm32n6xx_hal_uart.o
HAL_UART_AbortReceiveCpltCallback                 build/stm32n6xx_hal_uart.o
HAL_UART_AbortReceive_IT                          build/stm32n6xx_hal_uart.o
HAL_UART_AbortTransmit                            build/stm32n6xx_hal_uart.o
HAL_UART_AbortTransmitCpltCallback                build/stm32n6xx_hal_uart.o
HAL_UART_AbortTransmit_IT                         build/stm32n6xx_hal_uart.o
HAL_UART_Abort_IT                                 build/stm32n6xx_hal_uart.o
HAL_UART_DMAPause                                 build/stm32n6xx_hal_uart.o
HAL_UART_DMAResume                                build/stm32n6xx_hal_uart.o
HAL_UART_DMAStop                                  build/stm32n6xx_hal_uart.o
HAL_UART_DeInit                                   build/stm32n6xx_hal_uart.o
HAL_UART_DisableReceiverTimeout                   build/stm32n6xx_hal_uart.o
HAL_UART_EnableReceiverTimeout                    build/stm32n6xx_hal_uart.o
HAL_UART_ErrorCallback                            build/stm32n6xx_hal_uart.o
HAL_UART_GetError                                 build/stm32n6xx_hal_uart.o
HAL_UART_GetState                                 build/stm32n6xx_hal_uart.o
HAL_UART_IRQHandler                               build/stm32n6xx_hal_uart.o
HAL_UART_Init                                     build/stm32n6xx_hal_uart.o
                                                  build/gpio_uart.o
HAL_UART_MspDeInit                                build/stm32n6xx_hal_uart.o
HAL_UART_MspInit                                  build/stm32n6xx_hal_uart.o
                                                  build/stm32n6xx_hal_uart_ex.o
HAL_UART_Receive                                  build/stm32n6xx_hal_uart.o
                                                  build/gpio_uart.o
HAL_UART_Receive_DMA                              build/stm32n6xx_hal_uart.o
HAL_UART_Receive_IT                               build/stm32n6xx_hal_uart.o
HAL_UART_ReceiverTimeout_Config                   build/stm32n6xx_hal_uart.o
HAL_UART_RxCpltCallback                           build/stm32n6xx_hal_uart.o
HAL_UART_RxHalfCpltCallback                       build/stm32n6xx_hal_uart.o
HAL_UART_Transmit                                 build/stm32n6xx_hal_uart.o
                                                  build/gpio_uart.o
HAL_UART_Transmit_DMA                             build/stm32n6xx_hal_uart.o
HAL_UART_Transmit_IT                              build/stm32n6xx_hal_uart.o
HAL_UART_TxCpltCallback                           build/stm32n6xx_hal_uart.o
HAL_UART_TxHalfCpltCallback                       build/stm32n6xx_hal_uart.o
HAL_USARTEx_ConfigNSS                             build/stm32n6xx_hal_usart_ex.o
HAL_USARTEx_DisableFifoMode                       build/stm32n6xx_hal_usart_ex.o
HAL_USARTEx_DisableSlaveMode                      build/stm32n6xx_hal_usart_ex.o
HAL_USARTEx_EnableFifoMode                        build/stm32n6xx_hal_usart_ex.o
HAL_USARTEx_EnableSlaveMode                       build/stm32n6xx_hal_usart_ex.o
HAL_USARTEx_RxFifoFullCallback                    build/stm32n6xx_hal_usart_ex.o
                                                  build/stm32n6xx_hal_usart.o
HAL_USARTEx_SetRxFifoThreshold                    build/stm32n6xx_hal_usart_ex.o
HAL_USARTEx_SetTxFifoThreshold                    build/stm32n6xx_hal_usart_ex.o
HAL_USARTEx_TxFifoEmptyCallback                   build/stm32n6xx_hal_usart_ex.o
                                                  build/stm32n6xx_hal_usart.o
HAL_USART_Abort                                   build/stm32n6xx_hal_usart.o
HAL_USART_AbortCpltCallback                       build/stm32n6xx_hal_usart.o
HAL_USART_Abort_IT                                build/stm32n6xx_hal_usart.o
HAL_USART_DMAPause                                build/stm32n6xx_hal_usart.o
HAL_USART_DMAResume                               build/stm32n6xx_hal_usart.o
HAL_USART_DMAStop                                 build/stm32n6xx_hal_usart.o
HAL_USART_DeInit                                  build/stm32n6xx_hal_usart.o
HAL_USART_ErrorCallback                           build/stm32n6xx_hal_usart.o
HAL_USART_GetError                                build/stm32n6xx_hal_usart.o
HAL_USART_GetState                                build/stm32n6xx_hal_usart.o
HAL_USART_IRQHandler                              build/stm32n6xx_hal_usart.o
HAL_USART_Init                                    build/stm32n6xx_hal_usart.o
HAL_USART_MspDeInit                               build/stm32n6xx_hal_usart.o